Initialized native services in: /opt/gradle/.gradle/native
Initialized jansi services in: /opt/gradle/.gradle/native
To honour the JVM settings for this build a single-use Daemon process will be forked. For more on this, please refer to https://docs.gradle.org/9.3.1/userguide/gradle_daemon.html#sec:disabling_the_daemon in the Gradle documentation.
Starting process 'Gradle build daemon'. Working directory: /opt/gradle/.gradle/daemon/9.3.1 Command: /usr/lib/jvm/temurin-21-jdk-amd64/bin/java --add-opens=java.base/java.lang=ALL-UNNAMED --add-opens=java.base/java.lang.invoke=ALL-UNNAMED --add-opens=java.base/java.util=ALL-UNNAMED --add-opens=java.prefs/java.util.prefs=ALL-UNNAMED --add-exports=jdk.compiler/com.sun.tools.javac.api=ALL-UNNAMED --add-exports=jdk.compiler/com.sun.tools.javac.util=ALL-UNNAMED --add-opens=java.base/java.util=ALL-UNNAMED --add-opens=java.prefs/java.util.prefs=ALL-UNNAMED --add-opens=java.base/java.nio.charset=ALL-UNNAMED --add-opens=java.base/java.net=ALL-UNNAMED --add-opens=java.base/java.util.concurrent=ALL-UNNAMED --add-opens=java.base/java.util.concurrent.atomic=ALL-UNNAMED --add-opens=java.xml/javax.xml.namespace=ALL-UNNAMED --add-opens=java.base/java.time=ALL-UNNAMED -Xmx4g -Dfile.encoding=UTF-8 -Duser.country=US -Duser.language=en -Duser.variant -cp /opt/gradle/gradle-9.3.1/lib/gradle-daemon-main-9.3.1.jar -javaagent:/opt/gradle/gradle-9.3.1/lib/agents/gradle-instrumentation-agent-9.3.1.jar org.gradle.launcher.daemon.bootstrap.GradleDaemon 9.3.1
Successfully started process 'Gradle build daemon'
An attempt to start the daemon took 1.73 secs.
The client will now receive all logging from the daemon (pid: 1221). The daemon log file: /opt/gradle/.gradle/daemon/9.3.1/daemon-1221.out.log
Daemon will be stopped at the end of the build 
Using 4 worker leases.
Operational build model parameters: {requiresToolingModels=false, parallelProjectExecution=true, configureOnDemand=false, configurationCache=true, configurationCacheParallelStore=false, configurationCacheParallelLoad=true, isolatedProjects=false, parallelProjectConfiguration=false, intermediateModelCache=false, parallelToolingApiActions=true, invalidateCoupledProjects=false, modelAsProjectDependency=false, resilientModelBuilding=false}
Received JVM installation metadata from '/usr/lib/jvm/temurin-21-jdk-amd64': {JAVA_HOME=/usr/lib/jvm/temurin-21-jdk-amd64, JAVA_VERSION=21.0.11, JAVA_VENDOR=Eclipse Adoptium, RUNTIME_NAME=OpenJDK Runtime Environment, RUNTIME_VERSION=21.0.11+10-LTS, VM_NAME=OpenJDK 64-Bit Server VM, VM_VERSION=21.0.11+10-LTS, VM_VENDOR=Eclipse Adoptium, OS_ARCH=amd64}
Encryption key source: default Gradle keystore (pkcs12)
Reusing configuration cache.
Watching the file system is configured to be enabled if available
Unable to list file systems to check whether they can be watched. Disabling watching. Reason: Could not query file systems: could not open mount file (errno 2: No such file or directory)
File system watching is inactive
Using local directory build cache for the root build (location = /opt/gradle/.gradle/caches/build-cache-1, remove unused entries = after 7 days).
Tasks to be executed: [task ':app:preBuild', task ':app:preDebugBuild', task ':app:generateDebugBuildConfig', task ':app:generateDebugResources', task ':app:packageDebugResources', task ':app:processDebugNavigationResources', task ':app:parseDebugLocalResources', task ':app:generateDebugRFile', task ':app:kspDebugKotlin', task ':app:compileDebugKotlin', task ':app:javaPreCompileDebug', task ':app:compileDebugJavaWithJavac', task ':app:checkDebugAarMetadata', task ':app:mapDebugSourceSetPaths', task ':app:compileDebugNavigationResources', task ':app:mergeDebugResources', task ':app:createDebugCompatibleScreenManifests', task ':app:extractDeepLinksDebug', task ':app:processDebugMainManifest', task ':app:processDebugManifest', task ':app:processDebugManifestForPackage', task ':app:processDebugResources', task ':app:bundleDebugClassesToRuntimeJar', task ':app:bundleDebugClassesToCompileJar', task ':app:kspDebugUnitTestKotlin', task ':app:preDebugUnitTestBuild', task ':app:compileDebugUnitTestKotlin', task ':app:javaPreCompileDebugUnitTest', task ':app:compileDebugUnitTestJavaWithJavac', task ':app:generateDebugAssets', task ':app:mergeDebugAssets', task ':app:packageDebugUnitTestForUnitTest', task ':app:processDebugUnitTestManifest', task ':app:generateDebugUnitTestConfig', task ':app:processDebugJavaRes', task ':app:processDebugUnitTestJavaRes', task ':app:testDebugUnitTest', task ':app:finalizeTestRoborazziDebug']
Tasks that were excluded: []
Resolve mutations for :app:preBuild (Thread[#50,Execution worker,5,main]) started.
Resolve mutations for :app:generateDebugAssets (Thread[#52,Execution worker Thread 3,5,main]) started.
:app:preBuild (Thread[#50,Execution worker,5,main]) started.
:app:generateDebugAssets (Thread[#52,Execution worker Thread 3,5,main]) started.

> Task :app:preBuild UP-TO-DATE
Skipping task ':app:preBuild' as it has no actions.

> Task :app:generateDebugAssets UP-TO-DATE
Skipping task ':app:generateDebugAssets' as it has no actions.
Resolve mutations for :app:preDebugBuild (Thread[#50,Execution worker,5,main]) started.
Resolve mutations for :app:preDebugUnitTestBuild (Thread[#52,Execution worker Thread 3,5,main]) started.
:app:preDebugUnitTestBuild (Thread[#52,Execution worker Thread 3,5,main]) started.
:app:preDebugBuild (Thread[#50,Execution worker,5,main]) started.

> Task :app:preDebugUnitTestBuild UP-TO-DATE
Skipping task ':app:preDebugUnitTestBuild' as it has no actions.

> Task :app:preDebugBuild UP-TO-DATE
Skipping task ':app:preDebugBuild' as it has no actions.
Resolve mutations for :app:javaPreCompileDebugUnitTest (Thread[#52,Execution worker Thread 3,5,main]) started.
Resolve mutations for :app:generateDebugBuildConfig (Thread[#50,Execution worker,5,main]) started.
Resolve mutations for :app:generateDebugResources (Thread[#49,included builds,5,main]) started.
Resolve mutations for :app:processDebugNavigationResources (Thread[#51,Execution worker Thread 2,5,main]) started.
:app:generateDebugResources (Thread[#49,included builds,5,main]) started.
Resolve mutations for :app:javaPreCompileDebug (Thread[#52,Execution worker Thread 3,5,main]) started.
Build 5ebff74f-0eb7-4943-8279-1ed97603186d is started
:app:processDebugNavigationResources (Thread[#51,Execution worker Thread 2,5,main]) started.
:app:generateDebugBuildConfig (Thread[#52,Execution worker Thread 3,5,main]) started.
:app:javaPreCompileDebug (Thread[#50,Execution worker,5,main]) started.

> Task :app:javaPreCompileDebug UP-TO-DATE
Build cache key for task ':app:javaPreCompileDebug' is 7a4027310cc11324affda63298aa58c1
Skipping task ':app:javaPreCompileDebug' as it is up-to-date.

> Task :app:generateDebugResources UP-TO-DATE
Build cache key for task ':app:generateDebugResources' is fdf312274c8e3fddabf95f76e4f542e7
Skipping task ':app:generateDebugResources' as it is up-to-date.
Resolve mutations for :app:checkDebugAarMetadata (Thread[#50,Execution worker,5,main]) started.
Resolve mutations for :app:packageDebugResources (Thread[#49,included builds,5,main]) started.
:app:checkDebugAarMetadata (Thread[#50,Execution worker,5,main]) started.
:app:packageDebugResources (Thread[#49,included builds,5,main]) started.

> Task :app:generateDebugBuildConfig FROM-CACHE
Build cache key for task ':app:generateDebugBuildConfig' is 414d88c4f810cb9535f84edb68832054
Task ':app:generateDebugBuildConfig' is not up-to-date because:
  Value of input property 'items' has changed for task ':app:generateDebugBuildConfig'
Loaded cache entry for task ':app:generateDebugBuildConfig' with cache key 414d88c4f810cb9535f84edb68832054
Resolve mutations for :app:kspDebugKotlin (Thread[#52,Execution worker Thread 3,5,main]) started.
:app:kspDebugKotlin (Thread[#52,Execution worker Thread 3,5,main]) started.

> Task :app:packageDebugResources UP-TO-DATE
Build cache key for task ':app:packageDebugResources' is e92c8ec286a10e558184f39c380ae0b6
Skipping task ':app:packageDebugResources' as it is up-to-date.
Resolve mutations for :app:mapDebugSourceSetPaths (Thread[#49,included builds,5,main]) started.
:app:mapDebugSourceSetPaths (Thread[#49,included builds,5,main]) started.

> Task :app:mapDebugSourceSetPaths UP-TO-DATE
Caching disabled for task ':app:mapDebugSourceSetPaths' because:
  Caching has been disabled for the task
Skipping task ':app:mapDebugSourceSetPaths' as it is up-to-date.
Resolve mutations for :app:mergeDebugResources (Thread[#49,included builds,5,main]) started.
:app:mergeDebugResources (Thread[#49,included builds,5,main]) started.

> Task :app:checkDebugAarMetadata UP-TO-DATE
Caching disabled for task ':app:checkDebugAarMetadata' because:
  Caching has been disabled for the task
Skipping task ':app:checkDebugAarMetadata' as it is up-to-date.
Resolve mutations for :app:createDebugCompatibleScreenManifests (Thread[#50,Execution worker,5,main]) started.

> Task :app:mergeDebugResources UP-TO-DATE
Build cache key for task ':app:mergeDebugResources' is 4ad3f0796806761fab809142cfdac112
Skipping task ':app:mergeDebugResources' as it is up-to-date.
Resolve mutations for :app:extractDeepLinksDebug (Thread[#49,included builds,5,main]) started.
:app:extractDeepLinksDebug (Thread[#49,included builds,5,main]) started.

> Task :app:processDebugNavigationResources FROM-CACHE
Build cache key for task ':app:processDebugNavigationResources' is baf78414ca94ffe7845664605d9614b9
Task ':app:processDebugNavigationResources' is not up-to-date because:
  Value of input property 'manifestPlaceholders' has changed for task ':app:processDebugNavigationResources'
Loaded cache entry for task ':app:processDebugNavigationResources' with cache key baf78414ca94ffe7845664605d9614b9
Resolve mutations for :app:parseDebugLocalResources (Thread[#51,Execution worker Thread 2,5,main]) started.
:app:parseDebugLocalResources (Thread[#51,Execution worker Thread 2,5,main]) started.
Resolve mutations for :app:compileDebugNavigationResources (Thread[#50,Execution worker,5,main]) started.
:app:compileDebugNavigationResources (Thread[#50,Execution worker,5,main]) started.

> Task :app:extractDeepLinksDebug FROM-CACHE
Build cache key for task ':app:extractDeepLinksDebug' is d0b0ed8519e62c854cfd60639009d289
Task ':app:extractDeepLinksDebug' is not up-to-date because:
  Value of input property 'manifestPlaceholders' has changed for task ':app:extractDeepLinksDebug'
Loaded cache entry for task ':app:extractDeepLinksDebug' with cache key d0b0ed8519e62c854cfd60639009d289
:app:createDebugCompatibleScreenManifests (Thread[#49,included builds,5,main]) started.

> Task :app:compileDebugNavigationResources UP-TO-DATE
Build cache key for task ':app:compileDebugNavigationResources' is 363e3f977dd44d57284b0c83c5dd24c4
Skipping task ':app:compileDebugNavigationResources' as it is up-to-date.
Resolve mutations for :app:processDebugMainManifest (Thread[#50,Execution worker,5,main]) started.

> Task :app:parseDebugLocalResources UP-TO-DATE
Build cache key for task ':app:parseDebugLocalResources' is 87330511a09873186b27804ebbc994eb
Skipping task ':app:parseDebugLocalResources' as it is up-to-date.
Resolve mutations for :app:generateDebugRFile (Thread[#51,Execution worker Thread 2,5,main]) started.
:app:processDebugMainManifest (Thread[#50,Execution worker,5,main]) started.

> Task :app:createDebugCompatibleScreenManifests UP-TO-DATE
Caching disabled for task ':app:createDebugCompatibleScreenManifests' because:
  Caching has been disabled for the task
Skipping task ':app:createDebugCompatibleScreenManifests' as it is up-to-date.
:app:generateDebugRFile (Thread[#51,Execution worker Thread 2,5,main]) started.
:app:javaPreCompileDebugUnitTest (Thread[#49,included builds,5,main]) started.

> Task :app:javaPreCompileDebugUnitTest UP-TO-DATE
Build cache key for task ':app:javaPreCompileDebugUnitTest' is 462dd3e825ca0199f9eb59a48c37ec67
Skipping task ':app:javaPreCompileDebugUnitTest' as it is up-to-date.
Resolve mutations for :app:mergeDebugAssets (Thread[#49,included builds,5,main]) started.
:app:mergeDebugAssets (Thread[#49,included builds,5,main]) started.

> Task :app:generateDebugRFile UP-TO-DATE
Build cache key for task ':app:generateDebugRFile' is 281fbbe90be185027ec341dc3db6293e
Skipping task ':app:generateDebugRFile' as it is up-to-date.
work action resolve navigation.json (project :app) (Thread[#51,Execution worker Thread 2,5,main]) started.

> Task :app:mergeDebugAssets UP-TO-DATE
Caching disabled for task ':app:mergeDebugAssets' because:
  Simple merging task
Skipping task ':app:mergeDebugAssets' as it is up-to-date.

> Task :app:kspDebugKotlin FROM-CACHE
Build cache key for task ':app:kspDebugKotlin' is 22d8322af038282cbbc3a3383983118d
Task ':app:kspDebugKotlin' is not up-to-date because:
  Value of input property 'kspConfig.logLevel' has changed for task ':app:kspDebugKotlin'
Loaded cache entry for task ':app:kspDebugKotlin' with cache key 22d8322af038282cbbc3a3383983118d
Resolve mutations for :app:compileDebugKotlin (Thread[#52,Execution worker Thread 3,5,main]) started.
:app:compileDebugKotlin (Thread[#52,Execution worker Thread 3,5,main]) started.

> Task :app:processDebugMainManifest FROM-CACHE
Build cache key for task ':app:processDebugMainManifest' is 49ab0d9e2cb05519b2b59f038009eff8
Task ':app:processDebugMainManifest' is not up-to-date because:
  Value of input property 'manifestPlaceholders' has changed for task ':app:processDebugMainManifest'
Loaded cache entry for task ':app:processDebugMainManifest' with cache key 49ab0d9e2cb05519b2b59f038009eff8
Resolve mutations for :app:processDebugManifest (Thread[#50,Execution worker,5,main]) started.
Resolve mutations for :app:processDebugUnitTestManifest (Thread[#49,included builds,5,main]) started.
:app:processDebugUnitTestManifest (Thread[#49,included builds,5,main]) started.
:app:processDebugManifest (Thread[#50,Execution worker,5,main]) started.

> Task :app:processDebugManifest UP-TO-DATE
Build cache key for task ':app:processDebugManifest' is c3ce47637352baa9ee92a3783b44670e
Skipping task ':app:processDebugManifest' as it is up-to-date.
Resolve mutations for :app:processDebugManifestForPackage (Thread[#50,Execution worker,5,main]) started.
:app:processDebugManifestForPackage (Thread[#50,Execution worker,5,main]) started.

> Task :app:processDebugManifestForPackage UP-TO-DATE
Build cache key for task ':app:processDebugManifestForPackage' is db37fdb623055ec2766d96b99717b5ac
Skipping task ':app:processDebugManifestForPackage' as it is up-to-date.
Resolve mutations for :app:processDebugResources (Thread[#50,Execution worker,5,main]) started.
:app:processDebugResources (Thread[#50,Execution worker,5,main]) started.

> Task :app:processDebugUnitTestManifest UP-TO-DATE
Caching disabled for task ':app:processDebugUnitTestManifest' because:
  Caching has been disabled for the task
Skipping task ':app:processDebugUnitTestManifest' as it is up-to-date.

> Task :app:compileDebugKotlin FROM-CACHE
file or directory '/app/applet/app/src/main/kotlin', not found
file or directory '/app/applet/app/src/debug/java', not found
file or directory '/app/applet/app/src/debug/kotlin', not found
file or directory '/app/applet/app/src/debug/java', not found
file or directory '/app/applet/app/src/main/kotlin', not found
file or directory '/app/applet/app/src/debug/java', not found
file or directory '/app/applet/app/src/debug/kotlin', not found
file or directory '/app/applet/app/src/debug/java', not found
file or directory '/app/applet/app/src/main/kotlin', not found
file or directory '/app/applet/app/src/debug/java', not found
file or directory '/app/applet/app/src/debug/kotlin', not found
file or directory '/app/applet/app/src/debug/java', not found
Build cache key for task ':app:compileDebugKotlin' is f9a604d93af5dbd5fe7e93e95408a28c
Task ':app:compileDebugKotlin' is not up-to-date because:
  Input property 'javaSources' file /app/applet/app/build/generated/source/buildConfig/debug/com/example/BuildConfig.java has changed.
Loaded cache entry for task ':app:compileDebugKotlin' with cache key f9a604d93af5dbd5fe7e93e95408a28c
Resolve mutations for :app:compileDebugJavaWithJavac (Thread[#52,Execution worker Thread 3,5,main]) started.
Resolve mutations for :app:processDebugJavaRes (Thread[#49,included builds,5,main]) started.
:app:processDebugJavaRes (Thread[#49,included builds,5,main]) started.
:app:compileDebugJavaWithJavac (Thread[#52,Execution worker Thread 3,5,main]) started.

> Task :app:processDebugJavaRes UP-TO-DATE
file or directory '/app/applet/app/src/main/resources', not found
file or directory '/app/applet/app/src/debug/resources', not found
Caching disabled for task ':app:processDebugJavaRes' because:
  Caching has been disabled for the task
Skipping task ':app:processDebugJavaRes' as it is up-to-date.
work action resolve out (project :app) (Thread[#49,included builds,5,main]) started.

> Task :app:compileDebugJavaWithJavac FROM-CACHE
Build cache key for task ':app:compileDebugJavaWithJavac' is 200f302fa04d0cc1dec34fb398a15aaf
Task ':app:compileDebugJavaWithJavac' is not up-to-date because:
  Input property 'stableSources' file /app/applet/app/build/generated/source/buildConfig/debug/com/example/BuildConfig.java has changed.
Loaded cache entry for task ':app:compileDebugJavaWithJavac' with cache key 200f302fa04d0cc1dec34fb398a15aaf
No compile result for :app:compileDebugJavaWithJavac

> Task :app:processDebugResources
Invalidating in-memory cache of /opt/gradle/.gradle/caches/journal-1/file-access.bin
Build cache key for task ':app:processDebugResources' is 31b5c5c126e4abcc2bce6bd036225986
Skipping task ':app:processDebugResources' as it is up-to-date.

> Task :app:processDebugResources UP-TO-DATE
Resolve mutations for :app:bundleDebugClassesToRuntimeJar (Thread[#50,Execution worker,5,main]) started.
Resolve mutations for :app:bundleDebugClassesToCompileJar (Thread[#51,Execution worker Thread 2,5,main]) started.
Resolve mutations for :app:packageDebugUnitTestForUnitTest (Thread[#52,Execution worker Thread 3,5,main]) started.
:app:bundleDebugClassesToRuntimeJar (Thread[#51,Execution worker Thread 2,5,main]) started.
:app:bundleDebugClassesToCompileJar (Thread[#49,included builds,5,main]) started.
:app:packageDebugUnitTestForUnitTest (Thread[#52,Execution worker Thread 3,5,main]) started.

> Task :app:packageDebugUnitTestForUnitTest UP-TO-DATE
Caching disabled for task ':app:packageDebugUnitTestForUnitTest' because:
  Simple merging task
Skipping task ':app:packageDebugUnitTestForUnitTest' as it is up-to-date.
Resolve mutations for :app:generateDebugUnitTestConfig (Thread[#52,Execution worker Thread 3,5,main]) started.
:app:generateDebugUnitTestConfig (Thread[#52,Execution worker Thread 3,5,main]) started.

> Task :app:bundleDebugClassesToCompileJar UP-TO-DATE
Caching disabled for task ':app:bundleDebugClassesToCompileJar' because:
  Caching has been disabled for the task
Skipping task ':app:bundleDebugClassesToCompileJar' as it is up-to-date.
work action resolve classes.jar (project :app) (Thread[#49,included builds,5,main]) started.
Resolve mutations for :app:kspDebugUnitTestKotlin (Thread[#49,included builds,5,main]) started.
:app:kspDebugUnitTestKotlin (Thread[#49,included builds,5,main]) started.

> Task :app:bundleDebugClassesToRuntimeJar UP-TO-DATE
Caching disabled for task ':app:bundleDebugClassesToRuntimeJar' because:
  Caching has been disabled for the task
Skipping task ':app:bundleDebugClassesToRuntimeJar' as it is up-to-date.
work action resolve classes.jar (project :app) (Thread[#51,Execution worker Thread 2,5,main]) started.

> Task :app:generateDebugUnitTestConfig UP-TO-DATE
Caching disabled for task ':app:generateDebugUnitTestConfig' because:
  Caching has been disabled for the task
Skipping task ':app:generateDebugUnitTestConfig' as it is up-to-date.

> Task :app:kspDebugUnitTestKotlin UP-TO-DATE
Build cache key for task ':app:kspDebugUnitTestKotlin' is 1a545fd4b7eb93fa886aa8a73155e1b4
Skipping task ':app:kspDebugUnitTestKotlin' as it is up-to-date.
Resolve mutations for :app:compileDebugUnitTestKotlin (Thread[#49,included builds,5,main]) started.
:app:compileDebugUnitTestKotlin (Thread[#49,included builds,5,main]) started.

> Task :app:compileDebugUnitTestKotlin UP-TO-DATE
file or directory '/app/applet/app/src/test/kotlin', not found
file or directory '/app/applet/app/src/testDebug/java', not found
file or directory '/app/applet/app/src/testDebug/kotlin', not found
file or directory '/app/applet/app/src/testDebug/java', not found
file or directory '/app/applet/app/src/test/kotlin', not found
file or directory '/app/applet/app/src/testDebug/java', not found
file or directory '/app/applet/app/src/testDebug/kotlin', not found
file or directory '/app/applet/app/src/testDebug/java', not found
file or directory '/app/applet/app/src/test/kotlin', not found
file or directory '/app/applet/app/src/testDebug/java', not found
file or directory '/app/applet/app/src/testDebug/kotlin', not found
file or directory '/app/applet/app/src/testDebug/java', not found
Build cache key for task ':app:compileDebugUnitTestKotlin' is 1af7de9f2ed6b3fca323e813d354c038
Skipping task ':app:compileDebugUnitTestKotlin' as it is up-to-date.
Resolve mutations for :app:compileDebugUnitTestJavaWithJavac (Thread[#49,included builds,5,main]) started.
Resolve mutations for :app:processDebugUnitTestJavaRes (Thread[#50,Execution worker,5,main]) started.
:app:processDebugUnitTestJavaRes (Thread[#50,Execution worker,5,main]) started.
:app:compileDebugUnitTestJavaWithJavac (Thread[#49,included builds,5,main]) started.

> Task :app:compileDebugUnitTestJavaWithJavac NO-SOURCE
Skipping task ':app:compileDebugUnitTestJavaWithJavac' as it has no source files and no previous output files.

> Task :app:processDebugUnitTestJavaRes UP-TO-DATE
file or directory '/app/applet/app/src/test/resources', not found
file or directory '/app/applet/app/src/testDebug/resources', not found
Caching disabled for task ':app:processDebugUnitTestJavaRes' because:
  Caching has been disabled for the task
Skipping task ':app:processDebugUnitTestJavaRes' as it is up-to-date.
Resolve mutations for :app:testDebugUnitTest (Thread[#50,Execution worker,5,main]) started.
:app:testDebugUnitTest (Thread[#50,Execution worker,5,main]) started.
Gradle Test Executor 1 started executing tests.

> Task :app:testDebugUnitTest
Build cache key for task ':app:testDebugUnitTest' is fd6d27fd39cd42aa828f65c654b85717
Task ':app:testDebugUnitTest' is not up-to-date because:
  Task has failed previously.
file or directory '/app/applet/app/build/generated/ksp/debugUnitTest/resources', not found
file or directory '/app/applet/app/build/generated/ksp/debugUnitTest/classes', not found
file or directory '/app/applet/app/build/intermediates/javac/debugUnitTest/compileDebugUnitTestJavaWithJavac/classes', not found
Starting process 'Gradle Test Executor 1'. Working directory: /app/applet/app Command: /usr/lib/jvm/temurin-21-jdk-amd64/bin/java -Djava.awt.headless=true -Djava.library.path=/usr/java/packages/lib:/usr/lib64:/lib64:/lib:/usr/lib:/app/applet/app/src/testDebug/jniLibs:/app/applet/app/src/test/jniLibs -Dorg.gradle.internal.worker.tmpdir=/app/applet/app/build/tmp/testDebugUnitTest/work --add-opens=java.base/java.io=ALL-UNNAMED @/opt/gradle/.gradle/.tmp/gradle-worker-classpath4180056908970703740txt -Xmx512m -Dfile.encoding=UTF-8 -Duser.country=US -Duser.language=en -Duser.variant -ea worker.org.gradle.process.internal.worker.GradleWorkerMain 'Gradle Test Executor 1'
Successfully started process 'Gradle Test Executor 1'

ContentExtractionRegressionTest > testYoutubePlayerApiFallbackSuccess FAILED
    java.lang.AssertionError: expected:<154> but was:<141>
        at org.junit.Assert.fail(Assert.java:89)
        at org.junit.Assert.failNotEquals(Assert.java:835)
        at org.junit.Assert.assertEquals(Assert.java:120)
        at org.junit.Assert.assertEquals(Assert.java:146)
        at com.example.ContentExtractionRegressionTest$testYoutubePlayerApiFallbackSuccess$1.invokeSuspend(ContentExtractionRegressionTest.kt:760)
        at kotlin.coroutines.jvm.internal.BaseContinuationImpl.resumeWith(ContinuationImpl.kt:33)
        at kotlinx.coroutines.DispatchedTask.run(DispatchedTask.kt:100)
        at kotlinx.coroutines.EventLoopImplBase.processNextEvent(EventLoop.common.kt:263)
        at kotlinx.coroutines.BlockingCoroutine.joinBlocking(Builders.kt:94)
        at kotlinx.coroutines.BuildersKt__BuildersKt.runBlocking(Builders.kt:70)
        at kotlinx.coroutines.BuildersKt.runBlocking(Unknown Source)
        at kotlinx.coroutines.BuildersKt__BuildersKt.runBlocking$default(Builders.kt:48)
        at kotlinx.coroutines.BuildersKt.runBlocking$default(Unknown Source)
        at com.example.ContentExtractionRegressionTest.testYoutubePlayerApiFallbackSuccess(ContentExtractionRegressionTest.kt:668)

ContentExtractionRegressionTest > testSummaryResponseParserHandlesStringTakeawaysWithoutDetails STANDARD_OUT
    PDF_DEBUG: PARSE START: rawText =
    {
      "title": "Test Title",
      "original_url": "https://example.com",
      "short_description": "A short test description.",
      "key_takeaways": [
        "This is a takeaway without a colon",
        "**Highlighted Title**: Detailed explanation here",
        "Another Title: With details here"
      ]
    }
    ParserDiagnostics:
                === RELEVANTOR PARSER DIAGNOSTICS ===
                - rawResponseLength: 283
                - rawResponseSha256: c520f42c14ed3d67d2cdb589a6fae1014ee168c99852187fa7564f697592ca70
                - firstSafeChars:
                {
      "title": "Test Title",
      "original_url": "https://example.com",
      "short_description": "A short test description.",
      "key_takeaways": [
        "This is a takeaway without a colon",
        "**Highlighted Title**: Detailed explanation here",
        "Another Title: With details here"
      ]
    }
                -------------------------------------
                - parserStrategyUsed: org.json.JSONObject
                - parserFailureReasons: 
                - contractFailureReason: none
                -------------------------------------
                - isTestContext: true
                - offlineFallbackUsed: false
                - url: https://example.com
                - extractedContentLength: 283
                - extractorName: WebInputExtractor
                - geminiRequestStarted: true
                - geminiResponseReceived: true
                - parserSuccess: true
                - contractSuccess: true
                - resultRendered: PASS
                - failureStage: NONE
                ======================================

ContentExtractionRegressionTest > testRepositoryMapsHttp404ToControlledError STANDARD_OUT
    DEBUG_TEST: HTTP 404 Result is: Failure(errorType=GENERAL_ERROR, message=HTTP-Fehler (404), detail=Seite nicht gefunden (HTTP 404). Bitte prüfe die URL auf Tippfehler.)
    DEBUG_TEST: HTTP 404 Failure message: HTTP-Fehler (404), detail: Seite nicht gefunden (HTTP 404). Bitte prüfe die URL auf Tippfehler.

ContentExtractionRegressionTest > testSummaryResponseParserSanitizesBlankDetailsToTitle STANDARD_OUT
    PDF_DEBUG: PARSE START: rawText =
    {
      "title": "Test Title",
      "original_url": "https://example.com",
      "short_description": "A short test description.",
      "key_takeaways": [
        {
          "title": "Takeaway 1 with blank details",
          "details": ""
        },
        {
          "title": "",
          "details": "This details contains a sentence. Therefore the first sentence will become the title."
        }
      ]
    }
    ParserDiagnostics:
                === RELEVANTOR PARSER DIAGNOSTICS ===
                - rawResponseLength: 363
                - rawResponseSha256: d38e7ff2a06a026e5b226744220c221f379b16f8e09df03d22246a449d885845
                - firstSafeChars:
                {
      "title": "Test Title",
      "original_url": "https://example.com",
      "short_description": "A short test description.",
      "key_takeaways": [
        {
          "title": "Takeaway 1 with blank details",
          "details": ""
        },
        {
          "title": "",
          "details": "This details contains a sentence. Therefore the first sentence will become the title."
        }
      ]
    }
                -------------------------------------
                - parserStrategyUsed: org.json.JSONObject
                - parserFailureReasons: 
                - contractFailureReason: none
                -------------------------------------
                - isTestContext: true
                - offlineFallbackUsed: false
                - url: https://example.com
                - extractedContentLength: 363
                - extractorName: WebInputExtractor
                - geminiRequestStarted: true
                - geminiResponseReceived: true
                - parserSuccess: true
                - contractSuccess: true
                - resultRendered: PASS
                - failureStage: NONE
                ======================================

ContentExtractionRegressionTest > testRepositoryMapsUnknownHostExceptionToControlledError STANDARD_OUT
    DEBUG_TEST: UnknownHost Result is: Failure(errorType=GENERAL_ERROR, message=DNS/Hostname-Fehler oder keine Internetverbindung, detail=Der Hostname konnte nicht aufgelöst werden. Bitte überprüfe deine Netzwerkverbindung und den eingegebenen Link.)
    DEBUG_TEST: UnknownHost Failure message: DNS/Hostname-Fehler oder keine Internetverbindung, detail: Der Hostname konnte nicht aufgelöst werden. Bitte überprüfe deine Netzwerkverbindung und den eingegebenen Link.

ContentExtractionRegressionTest > testYoutubeInputExtractorReturnsTranscriptUnavailable STANDARD_OUT
    DEBUG_TEST: result class is: com.example.domain.model.ContentExtractionResult$Predefined
    DEBUG_TEST: Predefined title: Video nicht auslesbar, shortDescription: TRANSCRIPT_UNAVAILABLE

BaseArchitectureRegressionTest > test_migration_4_5_is_registered STANDARD_OUT
    REGRESSION_TEST: Verifying that MIGRATION_4_5 is declared and registered

BaseArchitectureRegressionTest > test_engine_contract_hardening STANDARD_OUT
    REGRESSION_TEST: Running contract schema and version hardening checks

BaseArchitectureRegressionTest > test_legacy_database_copy_safety STANDARD_OUT
    REGRESSION_TEST: Verifying that legacy DB copy never overwrites an existing relevantor_database

BaseArchitectureRegressionTest > regression_TOP_3_KERNAUSSAGEN_bulletPointFormat STANDARD_OUT
    REGRESSION_TEST: Running TOP_3_KERNAUSSAGEN format validation

BaseArchitectureRegressionTest > regression_DOKUMENTE_PDF_structure STANDARD_OUT
    REGRESSION_TEST: Running DOKUMENTE PDF structure check

BaseArchitectureRegressionTest > regression_ERROR_emptyOrTooShortInput STANDARD_OUT
    REGRESSION_TEST: Running error state validation for short input

BaseArchitectureRegressionTest > test_no_destructive_migration_fallback STANDARD_OUT
    REGRESSION_TEST: Verifying that no destructive migration fallback is configured in Room builder
    Caught expected migration exception: A migration from 3 to 5 was required but not found. Please provide the necessary Migration path via RoomDatabase.Builder.addMigration(...) or allow for destructive migrations via one of the RoomDatabase.Builder.fallbackToDestructiveMigration* functions.

BaseArchitectureRegressionTest > test_feature_catalog_input_policies STANDARD_OUT
    REGRESSION_TEST: Verifying input policies for active functions

BaseArchitectureRegressionTest > test_view_model_summarizeFileUri_decoupled_routing STANDARD_OUT
    REGRESSION_TEST: Verifying summarizeFileUri routing is decoupled
    PDF_DEBUG: START: Dateiname: Dokument, URI: content://dummy, MIME-Type: application/octet-stream, PDF erkannt: false

BaseArchitectureRegressionTest > regression_STANDARD_WEBSEITE_emptyInput STANDARD_OUT
    REGRESSION_TEST: Running STANDARD_WEBSEITE empty input validation

BaseArchitectureRegressionTest > regression_DOKUMENTE_DOCX_structure STANDARD_OUT
    REGRESSION_TEST: Running DOKUMENTE DOCX structure check

BaseArchitectureRegressionTest > test_feature_catalog_consistency_and_mapping STANDARD_OUT
    REGRESSION_TEST: Running FeatureCatalog consistency and mapping validation

ExampleRobolectricTest > testDirectGemini35Flash STANDARD_OUT
    ROBOLECTRIC: Direct call to gemini-3.5-flash...
    ROBOLECTRIC: gemini-3.5-flash success! Result text: Hello! How can I help you today?

ExampleRobolectricTest > testGeminiTop3Live STANDARD_OUT
    ROBOLECTRIC: Fetching content for: https://our-worldly-wisdom.com/georgetown-penang-street-art/
    ROBOLECTRIC: API Key found. Calling Gemini live API...
    PDF_DEBUG: PARSE START: rawText =
    {
      "title": "Georgetown Penang Street Art",
      "original_url": "https://our-worldly-wisdom.com/georgetown-penang-street-art/",
      "short_description": "INSUFFICIENT_CONTENT",
      "key_takeaways": [
        {
          "title": "Unzureichender Inhalt",
          "details": "Die Quelle enthält keinen auswertbaren Text."
        },
        {
          "title": "Unzureichender Inhalt",
          "details": "Die Quelle enthält keinen auswertbaren Text."
        },
        {
          "title": "Unzureichender Inhalt",
          "details": "Die Quelle enthält keinen auswertbaren Text."
        }
      ],
      "owner": "null"
    }
    ParserDiagnostics:
              === RELEVANTOR PARSER DIAGNOSTICS ===
              - rawResponseLength: 569
              - rawResponseSha256: 4b452b755d8bd5c97d8a0541cc72df423b093ba721a5ed525fd7aafd8267ea91
              - firstSafeChars:
              {
    "title": "Georgetown Penang Street Art",
    "original_url": "https://our-worldly-wisdom.com/georgetown-penang-street-art/",
    "short_description": "INSUFFICIENT_CONTENT",
    "key_takeaways": [
      {
        "title": "Unzureichender Inhalt",
        "details": "Die Quelle enthält keinen auswertbaren Text."
      },
      {
        "title": "Unzureichender Inhalt",
        "details": "Die Quelle enthält keinen auswertbaren Text."
      },
      {
        "title": "Unzureichender Inhalt",
        "details": "Die Que
              -------------------------------------
              - parserStrategyUsed: org.json.JSONObject
              - parserFailureReasons: 
              - contractFailureReason: none
              -------------------------------------
              - isTestContext: true
              - offlineFallbackUsed: false
              - url: https://our-worldly-wisdom.com/georgetown-penang-street-art/
              - extractedContentLength: 569
              - extractorName: WebInputExtractor
              - geminiRequestStarted: true
              - geminiResponseReceived: true
              - parserSuccess: true
              - contractSuccess: true
              - resultRendered: PASS
              - failureStage: NONE
              ======================================
    ANALYSIS_TRACE: ANALYSIS_TRACE
    analysisId: 0e471ee5-be44-4422-bd95-096bd402d62a
    functionId: KEY_TAKEAWAYS
    sourceType: WEBPAGE
    displayName: https://our-worldly-wisdom.com/georgetown-penang-street-art/
    mimeType: 
    byteSize: 31
    promptFile: prompts/F_TOP_3_KERNAUSSAGEN.md
    promptHash: cd8742c5cbf9ef5479730f74d63baf9bea4d733407e341556cbced56a0edb4de
    model: gemini-2.5-flash
    requestMode: direct
    httpStatus: 200
    rawResponseLength: 569
    parserSuccess: true
    takeawayCount: 3
    fallbackUsed: false
    exception: null
    durationMs: 5331
    ROBOLECTRIC: Summary Title: Georgetown Penang Street Art
    ROBOLECTRIC: Summary Original URL: https://our-worldly-wisdom.com/georgetown-penang-street-art/
    ROBOLECTRIC: Summary Short Description: INSUFFICIENT_CONTENT
    ROBOLECTRIC: Summary Key Takeaways Count: 3
    ROBOLECTRIC: Takeaway 1: TakeawayItem(title=Unzureichender Inhalt, details=Die Quelle enthält keinen auswertbaren Text., visualMetadata={})
    ROBOLECTRIC: Takeaway 2: TakeawayItem(title=Unzureichender Inhalt, details=Die Quelle enthält keinen auswertbaren Text., visualMetadata={})
    ROBOLECTRIC: Takeaway 3: TakeawayItem(title=Unzureichender Inhalt, details=Die Quelle enthält keinen auswertbaren Text., visualMetadata={})

ExampleRobolectricTest > testDocumentPipelineImageFailsWithInsufficientContent STANDARD_OUT
    Image file correctly threw INSUFFICIENT_DOCUMENT_CONTENT

ExampleRobolectricTest > testRegressionAllTenAnalysisTypes STANDARD_OUT
    REGRESSION_TEST: Testing type -> STANDARD_WEBSEITE
    REGRESSION_TEST: Prompt length for STANDARD_WEBSEITE is 18178 characters.
    PDF_DEBUG: PARSE START: rawText =
    {
      "title": "Title for STANDARD_WEBSEITE",
      "original_url": "https://example.com/STANDARD_WEBSEITE",
      "short_description": "Short description for STANDARD_WEBSEITE",
      "key_takeaways": [
        { "title": "This is takeout number one for STANDARD_WEBSEITE", "details": "details" },
        { "title": "This is takeout number two for STANDARD_WEBSEITE", "details": "details" }
      ],
      "owner": "Owner STANDARD_WEBSEITE"
    }
    ParserDiagnostics:
                === RELEVANTOR PARSER DIAGNOSTICS ===
                - rawResponseLength: 414
                - rawResponseSha256: fc3d91c55c181d79fcc4322fa120d900e9be6fff6d753db3b8f082ca631dd671
                - firstSafeChars:
                {
      "title": "Title for STANDARD_WEBSEITE",
      "original_url": "https://example.com/STANDARD_WEBSEITE",
      "short_description": "Short description for STANDARD_WEBSEITE",
      "key_takeaways": [
        { "title": "This is takeout number one for STANDARD_WEBSEITE", "details": "details" },
        { "title": "This is takeout number two for STANDARD_WEBSEITE", "details": "details" }
      ],
      "owner": "Owner STANDARD_WEBSEITE"
    }
                -------------------------------------
                - parserStrategyUsed: org.json.JSONObject
                - parserFailureReasons: 
                - contractFailureReason: none
                -------------------------------------
                - isTestContext: true
                - offlineFallbackUsed: true
                - url: https://www.wischnewski-unlimited.com/wischnewski-in-guinea-bissau/
                - extractedContentLength: 414
                - extractorName: WebInputExtractor
                - geminiRequestStarted: true
                - geminiResponseReceived: true
                - parserSuccess: true
                - contractSuccess: true
                - resultRendered: PASS
                - failureStage: NONE
                ======================================
    REGRESSION_TEST: Testing type -> TOP_3_KERNAUSSAGEN
    REGRESSION_TEST: Prompt length for TOP_3_KERNAUSSAGEN is 8192 characters.
    PDF_DEBUG: PARSE START: rawText =
    {
      "title": "Title for TOP_3_KERNAUSSAGEN",
      "original_url": "https://example.com/TOP_3_KERNAUSSAGEN",
      "short_description": "Short description for TOP_3_KERNAUSSAGEN",
      "key_takeaways": [
        { "title": "This is takeout number one for TOP_3_KERNAUSSAGEN", "details": "details" },
        { "title": "This is takeout number two for TOP_3_KERNAUSSAGEN", "details": "details" }
      ],
      "owner": "Owner TOP_3_KERNAUSSAGEN"
    }
    ParserDiagnostics:
                === RELEVANTOR PARSER DIAGNOSTICS ===
                - rawResponseLength: 420
                - rawResponseSha256: 8a71acc1a2b15b384ba2fb5a84046cd6dca8289041ab3ae58c3f33a63f011d4d
                - firstSafeChars:
                {
      "title": "Title for TOP_3_KERNAUSSAGEN",
      "original_url": "https://example.com/TOP_3_KERNAUSSAGEN",
      "short_description": "Short description for TOP_3_KERNAUSSAGEN",
      "key_takeaways": [
        { "title": "This is takeout number one for TOP_3_KERNAUSSAGEN", "details": "details" },
        { "title": "This is takeout number two for TOP_3_KERNAUSSAGEN", "details": "details" }
      ],
      "owner": "Owner TOP_3_KERNAUSSAGEN"
    }
                -------------------------------------
                - parserStrategyUsed: org.json.JSONObject
                - parserFailureReasons: 
                - contractFailureReason: none
                -------------------------------------
                - isTestContext: true
                - offlineFallbackUsed: true
                - url: https://www.wischnewski-unlimited.com/wischnewski-in-guinea-bissau/
                - extractedContentLength: 420
                - extractorName: WebInputExtractor
                - geminiRequestStarted: true
                - geminiResponseReceived: true
                - parserSuccess: true
                - contractSuccess: true
                - resultRendered: PASS
                - failureStage: NONE
                ======================================
    REGRESSION_TEST: Testing type -> FACTS_VS_OPINIONS_ANALYZER
    REGRESSION_TEST: Prompt length for FACTS_VS_OPINIONS_ANALYZER is 21419 characters.
    PDF_DEBUG: PARSE START: rawText =
    {
      "title": "Title for FACTS_VS_OPINIONS_ANALYZER",
      "original_url": "https://example.com/FACTS_VS_OPINIONS_ANALYZER",
      "short_description": "Short description for FACTS_VS_OPINIONS_ANALYZER",
      "key_takeaways": [
        { "title": "This is takeout number one for FACTS_VS_OPINIONS_ANALYZER", "details": "details" },
        { "title": "This is takeout number two for FACTS_VS_OPINIONS_ANALYZER", "details": "details" }
      ],
      "owner": "Owner FACTS_VS_OPINIONS_ANALYZER"
    }
    ParserDiagnostics:
                === RELEVANTOR PARSER DIAGNOSTICS ===
                - rawResponseLength: 468
                - rawResponseSha256: 064fe0c85dc5a21e65283a582045940b828e8f783e47e2b962f9aa8f9172d8e9
                - firstSafeChars:
                {
      "title": "Title for FACTS_VS_OPINIONS_ANALYZER",
      "original_url": "https://example.com/FACTS_VS_OPINIONS_ANALYZER",
      "short_description": "Short description for FACTS_VS_OPINIONS_ANALYZER",
      "key_takeaways": [
        { "title": "This is takeout number one for FACTS_VS_OPINIONS_ANALYZER", "details": "details" },
        { "title": "This is takeout number two for FACTS_VS_OPINIONS_ANALYZER", "details": "details" }
      ],
      "owner": "Owner FACTS_VS_OPINIONS_ANALYZER"
    }
                -------------------------------------
                - parserStrategyUsed: org.json.JSONObject
                - parserFailureReasons: 
                - contractFailureReason: none
                -------------------------------------
                - isTestContext: true
                - offlineFallbackUsed: true
                - url: https://www.wischnewski-unlimited.com/wischnewski-in-guinea-bissau/
                - extractedContentLength: 468
                - extractorName: WebInputExtractor
                - geminiRequestStarted: true
                - geminiResponseReceived: true
                - parserSuccess: true
                - contractSuccess: true
                - resultRendered: PASS
                - failureStage: NONE
                ======================================
    REGRESSION_TEST: Testing type -> PERSPECTIVES_AND_COUNTERPOSITIONS
    REGRESSION_TEST: Prompt length for PERSPECTIVES_AND_COUNTERPOSITIONS is 12531 characters.
    PDF_DEBUG: PARSE START: rawText =
    {
      "title": "Title for PERSPECTIVES_AND_COUNTERPOSITIONS",
      "original_url": "https://example.com/PERSPECTIVES_AND_COUNTERPOSITIONS",
      "short_description": "Short description for PERSPECTIVES_AND_COUNTERPOSITIONS",
      "key_takeaways": [
        { "title": "This is takeout number one for PERSPECTIVES_AND_COUNTERPOSITIONS", "details": "details" },
        { "title": "This is takeout number two for PERSPECTIVES_AND_COUNTERPOSITIONS", "details": "details" }
      ],
      "owner": "Owner PERSPECTIVES_AND_COUNTERPOSITIONS"
    }
    ParserDiagnostics:
              === RELEVANTOR PARSER DIAGNOSTICS ===
              - rawResponseLength: 510
              - rawResponseSha256: e688b74876af323a432e33228e4851ad77a809ef34e297ed13268e025b1dec99
              - firstSafeChars:
              {
    "title": "Title for PERSPECTIVES_AND_COUNTERPOSITIONS",
    "original_url": "https://example.com/PERSPECTIVES_AND_COUNTERPOSITIONS",
    "short_description": "Short description for PERSPECTIVES_AND_COUNTERPOSITIONS",
    "key_takeaways": [
      { "title": "This is takeout number one for PERSPECTIVES_AND_COUNTERPOSITIONS", "details": "details" },
      { "title": "This is takeout number two for PERSPECTIVES_AND_COUNTERPOSITIONS", "details": "details" }
    ],
    "owner": "Owner PERSPECTIVES_AND_COUNTERPO
              -------------------------------------
              - parserStrategyUsed: org.json.JSONObject
              - parserFailureReasons: 
              - contractFailureReason: none
              -------------------------------------
              - isTestContext: true
              - offlineFallbackUsed: true
              - url: https://www.wischnewski-unlimited.com/wischnewski-in-guinea-bissau/
              - extractedContentLength: 510
              - extractorName: WebInputExtractor
              - geminiRequestStarted: true
              - geminiResponseReceived: true
              - parserSuccess: true
              - contractSuccess: true
              - resultRendered: PASS
              - failureStage: NONE
              ======================================
    REGRESSION_TEST: Testing type -> MULTIMEDIA
    REGRESSION_TEST: Prompt length for MULTIMEDIA is 11993 characters.
    PDF_DEBUG: PARSE START: rawText =
    {
      "title": "Title for MULTIMEDIA",
      "original_url": "https://example.com/MULTIMEDIA",
      "short_description": "Short description for MULTIMEDIA",
      "key_takeaways": [
        { "title": "This is takeout number one for MULTIMEDIA", "details": "details" },
        { "title": "This is takeout number two for MULTIMEDIA", "details": "details" }
      ],
      "owner": "Owner MULTIMEDIA"
    }
    ParserDiagnostics:
                === RELEVANTOR PARSER DIAGNOSTICS ===
                - rawResponseLength: 372
                - rawResponseSha256: f7bd4952f4028eb99bc4c38d4f4adcf8fc11d9c98b5b291fc9fee6f65b8d2fbd
                - firstSafeChars:
                {
      "title": "Title for MULTIMEDIA",
      "original_url": "https://example.com/MULTIMEDIA",
      "short_description": "Short description for MULTIMEDIA",
      "key_takeaways": [
        { "title": "This is takeout number one for MULTIMEDIA", "details": "details" },
        { "title": "This is takeout number two for MULTIMEDIA", "details": "details" }
      ],
      "owner": "Owner MULTIMEDIA"
    }
                -------------------------------------
                - parserStrategyUsed: org.json.JSONObject
                - parserFailureReasons: 
                - contractFailureReason: none
                -------------------------------------
                - isTestContext: true
                - offlineFallbackUsed: true
                - url: https://www.wischnewski-unlimited.com/wischnewski-in-guinea-bissau/
                - extractedContentLength: 372
                - extractorName: WebInputExtractor
                - geminiRequestStarted: true
                - geminiResponseReceived: true
                - parserSuccess: true
                - contractSuccess: true
                - resultRendered: PASS
                - failureStage: NONE
                ======================================
    REGRESSION_TEST: Testing type -> FREIE_QUELLENANFRAGE
    REGRESSION_TEST: Prompt length for FREIE_QUELLENANFRAGE is 6832 characters.
    PDF_DEBUG: PARSE START: rawText =
    {
      "title": "Title for FREIE_QUELLENANFRAGE",
      "original_url": "https://example.com/FREIE_QUELLENANFRAGE",
      "short_description": "Short description for FREIE_QUELLENANFRAGE",
      "key_takeaways": [
        { "title": "This is takeout number one for FREIE_QUELLENANFRAGE", "details": "details" },
        { "title": "This is takeout number two for FREIE_QUELLENANFRAGE", "details": "details" }
      ],
      "owner": "Owner FREIE_QUELLENANFRAGE"
    }
    ParserDiagnostics:
                === RELEVANTOR PARSER DIAGNOSTICS ===
                - rawResponseLength: 432
                - rawResponseSha256: bc457ed6ea7f0e979478662740e88d094d416919afa8d6992cefa5c6158e2a1a
                - firstSafeChars:
                {
      "title": "Title for FREIE_QUELLENANFRAGE",
      "original_url": "https://example.com/FREIE_QUELLENANFRAGE",
      "short_description": "Short description for FREIE_QUELLENANFRAGE",
      "key_takeaways": [
        { "title": "This is takeout number one for FREIE_QUELLENANFRAGE", "details": "details" },
        { "title": "This is takeout number two for FREIE_QUELLENANFRAGE", "details": "details" }
      ],
      "owner": "Owner FREIE_QUELLENANFRAGE"
    }
                -------------------------------------
                - parserStrategyUsed: org.json.JSONObject
                - parserFailureReasons: 
                - contractFailureReason: none
                -------------------------------------
                - isTestContext: true
                - offlineFallbackUsed: true
                - url: https://www.wischnewski-unlimited.com/wischnewski-in-guinea-bissau/
                - extractedContentLength: 432
                - extractorName: WebInputExtractor
                - geminiRequestStarted: true
                - geminiResponseReceived: true
                - parserSuccess: true
                - contractSuccess: true
                - resultRendered: PASS
                - failureStage: NONE
                ======================================
    REGRESSION_TEST: Testing type -> DOKUMENTE
    REGRESSION_TEST: Prompt length for DOKUMENTE is 17552 characters.
    PDF_DEBUG: PARSE START: rawText =
    {
      "title": "Title for DOKUMENTE",
      "original_url": "https://example.com/DOKUMENTE",
      "short_description": "Short description for DOKUMENTE",
      "key_takeaways": [
        { "title": "This is takeout number one for DOKUMENTE", "details": "details" },
        { "title": "This is takeout number two for DOKUMENTE", "details": "details" }
      ],
      "owner": "Owner DOKUMENTE"
    }
    ParserDiagnostics:
                === RELEVANTOR PARSER DIAGNOSTICS ===
                - rawResponseLength: 366
                - rawResponseSha256: a1d721fa34c4bed3c5dbed9607af55c78d59291a111995f54f767ab0dd9ca168
                - firstSafeChars:
                {
      "title": "Title for DOKUMENTE",
      "original_url": "https://example.com/DOKUMENTE",
      "short_description": "Short description for DOKUMENTE",
      "key_takeaways": [
        { "title": "This is takeout number one for DOKUMENTE", "details": "details" },
        { "title": "This is takeout number two for DOKUMENTE", "details": "details" }
      ],
      "owner": "Owner DOKUMENTE"
    }
                -------------------------------------
                - parserStrategyUsed: org.json.JSONObject
                - parserFailureReasons: 
                - contractFailureReason: none
                -------------------------------------
                - isTestContext: true
                - offlineFallbackUsed: true
                - url: https://www.wischnewski-unlimited.com/wischnewski-in-guinea-bissau/
                - extractedContentLength: 366
                - extractorName: WebInputExtractor
                - geminiRequestStarted: true
                - geminiResponseReceived: true
                - parserSuccess: true
                - contractSuccess: true
                - resultRendered: PASS
                - failureStage: NONE
                ======================================
    REGRESSION_TEST: Testing type -> AKTUALITAETS_CHECK
    REGRESSION_TEST: Prompt length for AKTUALITAETS_CHECK is 15753 characters.
    PDF_DEBUG: PARSE START: rawText =
    {
      "title": "Title for AKTUALITAETS_CHECK",
      "original_url": "https://example.com/AKTUALITAETS_CHECK",
      "short_description": "Short description for AKTUALITAETS_CHECK",
      "key_takeaways": [
        { "title": "This is takeout number one for AKTUALITAETS_CHECK", "details": "details" },
        { "title": "This is takeout number two for AKTUALITAETS_CHECK", "details": "details" }
      ],
      "owner": "Owner AKTUALITAETS_CHECK"
    }
    ParserDiagnostics:
                === RELEVANTOR PARSER DIAGNOSTICS ===
                - rawResponseLength: 420
                - rawResponseSha256: 1019006660df12105fc7f62dfd1339db3f30e7ded6e7a7e6ca480dad24a4050b
                - firstSafeChars:
                {
      "title": "Title for AKTUALITAETS_CHECK",
      "original_url": "https://example.com/AKTUALITAETS_CHECK",
      "short_description": "Short description for AKTUALITAETS_CHECK",
      "key_takeaways": [
        { "title": "This is takeout number one for AKTUALITAETS_CHECK", "details": "details" },
        { "title": "This is takeout number two for AKTUALITAETS_CHECK", "details": "details" }
      ],
      "owner": "Owner AKTUALITAETS_CHECK"
    }
                -------------------------------------
                - parserStrategyUsed: org.json.JSONObject
                - parserFailureReasons: 
                - contractFailureReason: none
                -------------------------------------
                - isTestContext: true
                - offlineFallbackUsed: true
                - url: https://www.wischnewski-unlimited.com/wischnewski-in-guinea-bissau/
                - extractedContentLength: 420
                - extractorName: WebInputExtractor
                - geminiRequestStarted: true
                - geminiResponseReceived: true
                - parserSuccess: true
                - contractSuccess: true
                - resultRendered: PASS
                - failureStage: NONE
                ======================================
    REGRESSION_TEST: Testing type -> FEHLINFORMATIONS_RADAR
    REGRESSION_TEST: Prompt length for FEHLINFORMATIONS_RADAR is 8243 characters.
    PDF_DEBUG: PARSE START: rawText =
    {
      "title": "Title for FEHLINFORMATIONS_RADAR",
      "original_url": "https://example.com/FEHLINFORMATIONS_RADAR",
      "short_description": "Short description for FEHLINFORMATIONS_RADAR",
      "key_takeaways": [
        { "title": "This is takeout number one for FEHLINFORMATIONS_RADAR", "details": "details" },
        { "title": "This is takeout number two for FEHLINFORMATIONS_RADAR", "details": "details" }
      ],
      "owner": "Owner FEHLINFORMATIONS_RADAR"
    }
    ParserDiagnostics:
                === RELEVANTOR PARSER DIAGNOSTICS ===
                - rawResponseLength: 444
                - rawResponseSha256: 5f7796a2a66917c3bcd2c1a9c8bdaaa11f1e409c11bb18b78e0eabc2371bc04d
                - firstSafeChars:
                {
      "title": "Title for FEHLINFORMATIONS_RADAR",
      "original_url": "https://example.com/FEHLINFORMATIONS_RADAR",
      "short_description": "Short description for FEHLINFORMATIONS_RADAR",
      "key_takeaways": [
        { "title": "This is takeout number one for FEHLINFORMATIONS_RADAR", "details": "details" },
        { "title": "This is takeout number two for FEHLINFORMATIONS_RADAR", "details": "details" }
      ],
      "owner": "Owner FEHLINFORMATIONS_RADAR"
    }
                -------------------------------------
                - parserStrategyUsed: org.json.JSONObject
                - parserFailureReasons: 
                - contractFailureReason: none
                -------------------------------------
                - isTestContext: true
                - offlineFallbackUsed: true
                - url: https://www.wischnewski-unlimited.com/wischnewski-in-guinea-bissau/
                - extractedContentLength: 444
                - extractorName: WebInputExtractor
                - geminiRequestStarted: true
                - geminiResponseReceived: true
                - parserSuccess: true
                - contractSuccess: true
                - resultRendered: PASS
                - failureStage: NONE
                ======================================
    REGRESSION_TEST: Testing type -> RISIKO_ANALYSE
    REGRESSION_TEST: Prompt length for RISIKO_ANALYSE is 13383 characters.
    PDF_DEBUG: PARSE START: rawText =
    {
      "title": "Title for RISIKO_ANALYSE",
      "original_url": "https://example.com/RISIKO_ANALYSE",
      "short_description": "Short description for RISIKO_ANALYSE",
      "key_takeaways": [
        { "title": "This is takeout number one for RISIKO_ANALYSE", "details": "details" },
        { "title": "This is takeout number two for RISIKO_ANALYSE", "details": "details" }
      ],
      "owner": "Owner RISIKO_ANALYSE"
    }
    ParserDiagnostics:
                === RELEVANTOR PARSER DIAGNOSTICS ===
                - rawResponseLength: 396
                - rawResponseSha256: 21a9d8a045d194c05c7110ed93469485f0d4874edb2529940706afc2d348a0ad
                - firstSafeChars:
                {
      "title": "Title for RISIKO_ANALYSE",
      "original_url": "https://example.com/RISIKO_ANALYSE",
      "short_description": "Short description for RISIKO_ANALYSE",
      "key_takeaways": [
        { "title": "This is takeout number one for RISIKO_ANALYSE", "details": "details" },
        { "title": "This is takeout number two for RISIKO_ANALYSE", "details": "details" }
      ],
      "owner": "Owner RISIKO_ANALYSE"
    }
                -------------------------------------
                - parserStrategyUsed: org.json.JSONObject
                - parserFailureReasons: 
                - contractFailureReason: none
                -------------------------------------
                - isTestContext: true
                - offlineFallbackUsed: true
                - url: https://www.wischnewski-unlimited.com/wischnewski-in-guinea-bissau/
                - extractedContentLength: 396
                - extractorName: WebInputExtractor
                - geminiRequestStarted: true
                - geminiResponseReceived: true
                - parserSuccess: true
                - contractSuccess: true
                - resultRendered: PASS
                - failureStage: NONE
                ======================================
    REGRESSION_TEST: Testing type -> BUSINESS_INKUBATOR
    REGRESSION_TEST: Prompt length for BUSINESS_INKUBATOR is 16980 characters.
    PDF_DEBUG: PARSE START: rawText =
    {
      "title": "Title for BUSINESS_INKUBATOR",
      "original_url": "https://example.com/BUSINESS_INKUBATOR",
      "short_description": "Short description for BUSINESS_INKUBATOR",
      "key_takeaways": [
        { "title": "This is takeout number one for BUSINESS_INKUBATOR", "details": "details" },
        { "title": "This is takeout number two for BUSINESS_INKUBATOR", "details": "details" }
      ],
      "owner": "Owner BUSINESS_INKUBATOR"
    }
    ParserDiagnostics:
                === RELEVANTOR PARSER DIAGNOSTICS ===
                - rawResponseLength: 420
                - rawResponseSha256: 4483c4f7b533e783ce72e53c712a8d1b9f40eb671d64c14e2e0669433d9d9d92
                - firstSafeChars:
                {
      "title": "Title for BUSINESS_INKUBATOR",
      "original_url": "https://example.com/BUSINESS_INKUBATOR",
      "short_description": "Short description for BUSINESS_INKUBATOR",
      "key_takeaways": [
        { "title": "This is takeout number one for BUSINESS_INKUBATOR", "details": "details" },
        { "title": "This is takeout number two for BUSINESS_INKUBATOR", "details": "details" }
      ],
      "owner": "Owner BUSINESS_INKUBATOR"
    }
                -------------------------------------
                - parserStrategyUsed: org.json.JSONObject
                - parserFailureReasons: 
                - contractFailureReason: none
                -------------------------------------
                - isTestContext: true
                - offlineFallbackUsed: true
                - url: https://www.wischnewski-unlimited.com/wischnewski-in-guinea-bissau/
                - extractedContentLength: 420
                - extractorName: WebInputExtractor
                - geminiRequestStarted: true
                - geminiResponseReceived: true
                - parserSuccess: true
                - contractSuccess: true
                - resultRendered: PASS
                - failureStage: NONE
                ======================================
    REGRESSION_TEST: Testing type -> WEITERE_RELEVANTE_ASPEKTE
    REGRESSION_TEST: Prompt length for WEITERE_RELEVANTE_ASPEKTE is 19276 characters.
    PDF_DEBUG: PARSE START: rawText =
    {
      "title": "Title for WEITERE_RELEVANTE_ASPEKTE",
      "original_url": "https://example.com/WEITERE_RELEVANTE_ASPEKTE",
      "short_description": "Short description for WEITERE_RELEVANTE_ASPEKTE",
      "key_takeaways": [
        { "title": "This is takeout number one for WEITERE_RELEVANTE_ASPEKTE", "details": "details" },
        { "title": "This is takeout number two for WEITERE_RELEVANTE_ASPEKTE", "details": "details" }
      ],
      "owner": "Owner WEITERE_RELEVANTE_ASPEKTE"
    }
    ParserDiagnostics:
                === RELEVANTOR PARSER DIAGNOSTICS ===
                - rawResponseLength: 462
                - rawResponseSha256: 7d635709f2a35150d22a5536e56fce2a9a4b63f32512f9be7be1c7f14638d073
                - firstSafeChars:
                {
      "title": "Title for WEITERE_RELEVANTE_ASPEKTE",
      "original_url": "https://example.com/WEITERE_RELEVANTE_ASPEKTE",
      "short_description": "Short description for WEITERE_RELEVANTE_ASPEKTE",
      "key_takeaways": [
        { "title": "This is takeout number one for WEITERE_RELEVANTE_ASPEKTE", "details": "details" },
        { "title": "This is takeout number two for WEITERE_RELEVANTE_ASPEKTE", "details": "details" }
      ],
      "owner": "Owner WEITERE_RELEVANTE_ASPEKTE"
    }
                -------------------------------------
                - parserStrategyUsed: org.json.JSONObject
                - parserFailureReasons: 
                - contractFailureReason: none
                -------------------------------------
                - isTestContext: true
                - offlineFallbackUsed: true
                - url: https://www.wischnewski-unlimited.com/wischnewski-in-guinea-bissau/
                - extractedContentLength: 462
                - extractorName: WebInputExtractor
                - geminiRequestStarted: true
                - geminiResponseReceived: true
                - parserSuccess: true
                - contractSuccess: true
                - resultRendered: PASS
                - failureStage: NONE
                ======================================
    REGRESSION_TEST: Testing type -> WEB_SUMMARY
    REGRESSION_TEST: Prompt length for WEB_SUMMARY is 18178 characters.
    PDF_DEBUG: PARSE START: rawText =
    {
      "title": "Title for WEB_SUMMARY",
      "original_url": "https://example.com/WEB_SUMMARY",
      "short_description": "Short description for WEB_SUMMARY",
      "key_takeaways": [
        { "title": "This is takeout number one for WEB_SUMMARY", "details": "details" },
        { "title": "This is takeout number two for WEB_SUMMARY", "details": "details" }
      ],
      "owner": "Owner WEB_SUMMARY"
    }
    ParserDiagnostics:
                === RELEVANTOR PARSER DIAGNOSTICS ===
                - rawResponseLength: 378
                - rawResponseSha256: b713a84e85919e049863dffec64c0214d3ce907bc3b6839ecf47eb30ad2a06c4
                - firstSafeChars:
                {
      "title": "Title for WEB_SUMMARY",
      "original_url": "https://example.com/WEB_SUMMARY",
      "short_description": "Short description for WEB_SUMMARY",
      "key_takeaways": [
        { "title": "This is takeout number one for WEB_SUMMARY", "details": "details" },
        { "title": "This is takeout number two for WEB_SUMMARY", "details": "details" }
      ],
      "owner": "Owner WEB_SUMMARY"
    }
                -------------------------------------
                - parserStrategyUsed: org.json.JSONObject
                - parserFailureReasons: 
                - contractFailureReason: none
                -------------------------------------
                - isTestContext: true
                - offlineFallbackUsed: true
                - url: https://www.wischnewski-unlimited.com/wischnewski-in-guinea-bissau/
                - extractedContentLength: 378
                - extractorName: WebInputExtractor
                - geminiRequestStarted: true
                - geminiResponseReceived: true
                - parserSuccess: true
                - contractSuccess: true
                - resultRendered: PASS
                - failureStage: NONE
                ======================================
    REGRESSION_TEST: Testing type -> KEY_TAKEAWAYS
    REGRESSION_TEST: Prompt length for KEY_TAKEAWAYS is 8192 characters.
    PDF_DEBUG: PARSE START: rawText =
    {
      "title": "Title for KEY_TAKEAWAYS",
      "original_url": "https://example.com/KEY_TAKEAWAYS",
      "short_description": "Short description for KEY_TAKEAWAYS",
      "key_takeaways": [
        { "title": "This is takeout number one for KEY_TAKEAWAYS", "details": "details" },
        { "title": "This is takeout number two for KEY_TAKEAWAYS", "details": "details" }
      ],
      "owner": "Owner KEY_TAKEAWAYS"
    }
    ParserDiagnostics:
                === RELEVANTOR PARSER DIAGNOSTICS ===
                - rawResponseLength: 390
                - rawResponseSha256: 01e431e05ea0fb960cc44c4bc558ea1dc42b2a9b861033de5217a34222435754
                - firstSafeChars:
                {
      "title": "Title for KEY_TAKEAWAYS",
      "original_url": "https://example.com/KEY_TAKEAWAYS",
      "short_description": "Short description for KEY_TAKEAWAYS",
      "key_takeaways": [
        { "title": "This is takeout number one for KEY_TAKEAWAYS", "details": "details" },
        { "title": "This is takeout number two for KEY_TAKEAWAYS", "details": "details" }
      ],
      "owner": "Owner KEY_TAKEAWAYS"
    }
                -------------------------------------
                - parserStrategyUsed: org.json.JSONObject
                - parserFailureReasons: 
                - contractFailureReason: none
                -------------------------------------
                - isTestContext: true
                - offlineFallbackUsed: true
                - url: https://www.wischnewski-unlimited.com/wischnewski-in-guinea-bissau/
                - extractedContentLength: 390
                - extractorName: WebInputExtractor
                - geminiRequestStarted: true
                - geminiResponseReceived: true
                - parserSuccess: true
                - contractSuccess: true
                - resultRendered: PASS
                - failureStage: NONE
                ======================================
    REGRESSION_TEST: Testing type -> RELEVANT_ASPECTS
    REGRESSION_TEST: Prompt length for RELEVANT_ASPECTS is 19276 characters.
    PDF_DEBUG: PARSE START: rawText =
    {
      "title": "Title for RELEVANT_ASPECTS",
      "original_url": "https://example.com/RELEVANT_ASPECTS",
      "short_description": "Short description for RELEVANT_ASPECTS",
      "key_takeaways": [
        { "title": "This is takeout number one for RELEVANT_ASPECTS", "details": "details" },
        { "title": "This is takeout number two for RELEVANT_ASPECTS", "details": "details" }
      ],
      "owner": "Owner RELEVANT_ASPECTS"
    }
    ParserDiagnostics:
                === RELEVANTOR PARSER DIAGNOSTICS ===
                - rawResponseLength: 408
                - rawResponseSha256: 79f6dcddfaeacb2b1b7261bb9f49c6585c48f3265e1a3b139e3e9426178db363
                - firstSafeChars:
                {
      "title": "Title for RELEVANT_ASPECTS",
      "original_url": "https://example.com/RELEVANT_ASPECTS",
      "short_description": "Short description for RELEVANT_ASPECTS",
      "key_takeaways": [
        { "title": "This is takeout number one for RELEVANT_ASPECTS", "details": "details" },
        { "title": "This is takeout number two for RELEVANT_ASPECTS", "details": "details" }
      ],
      "owner": "Owner RELEVANT_ASPECTS"
    }
                -------------------------------------
                - parserStrategyUsed: org.json.JSONObject
                - parserFailureReasons: 
                - contractFailureReason: none
                -------------------------------------
                - isTestContext: true
                - offlineFallbackUsed: true
                - url: https://www.wischnewski-unlimited.com/wischnewski-in-guinea-bissau/
                - extractedContentLength: 408
                - extractorName: WebInputExtractor
                - geminiRequestStarted: true
                - geminiResponseReceived: true
                - parserSuccess: true
                - contractSuccess: true
                - resultRendered: PASS
                - failureStage: NONE
                ======================================
    REGRESSION_TEST: Testing type -> DOCUMENT_SUMMARY
    REGRESSION_TEST: Prompt length for DOCUMENT_SUMMARY is 17552 characters.
    PDF_DEBUG: PARSE START: rawText =
    {
      "title": "Title for DOCUMENT_SUMMARY",
      "original_url": "https://example.com/DOCUMENT_SUMMARY",
      "short_description": "Short description for DOCUMENT_SUMMARY",
      "key_takeaways": [
        { "title": "This is takeout number one for DOCUMENT_SUMMARY", "details": "details" },
        { "title": "This is takeout number two for DOCUMENT_SUMMARY", "details": "details" }
      ],
      "owner": "Owner DOCUMENT_SUMMARY"
    }
    ParserDiagnostics:
                === RELEVANTOR PARSER DIAGNOSTICS ===
                - rawResponseLength: 408
                - rawResponseSha256: 0e14b9cd051a042aa62d351811cf1ffa0bf4d08a17da68aa379ad2472e8368ce
                - firstSafeChars:
                {
      "title": "Title for DOCUMENT_SUMMARY",
      "original_url": "https://example.com/DOCUMENT_SUMMARY",
      "short_description": "Short description for DOCUMENT_SUMMARY",
      "key_takeaways": [
        { "title": "This is takeout number one for DOCUMENT_SUMMARY", "details": "details" },
        { "title": "This is takeout number two for DOCUMENT_SUMMARY", "details": "details" }
      ],
      "owner": "Owner DOCUMENT_SUMMARY"
    }
                -------------------------------------
                - parserStrategyUsed: org.json.JSONObject
                - parserFailureReasons: 
                - contractFailureReason: none
                -------------------------------------
                - isTestContext: true
                - offlineFallbackUsed: true
                - url: https://www.wischnewski-unlimited.com/wischnewski-in-guinea-bissau/
                - extractedContentLength: 408
                - extractorName: WebInputExtractor
                - geminiRequestStarted: true
                - geminiResponseReceived: true
                - parserSuccess: true
                - contractSuccess: true
                - resultRendered: PASS
                - failureStage: NONE
                ======================================
    REGRESSION_TEST: Testing type -> FREE_SOURCE_QUERY
    REGRESSION_TEST: Prompt length for FREE_SOURCE_QUERY is 6832 characters.
    PDF_DEBUG: PARSE START: rawText =
    {
      "title": "Title for FREE_SOURCE_QUERY",
      "original_url": "https://example.com/FREE_SOURCE_QUERY",
      "short_description": "Short description for FREE_SOURCE_QUERY",
      "key_takeaways": [
        { "title": "This is takeout number one for FREE_SOURCE_QUERY", "details": "details" },
        { "title": "This is takeout number two for FREE_SOURCE_QUERY", "details": "details" }
      ],
      "owner": "Owner FREE_SOURCE_QUERY"
    }
    ParserDiagnostics:
                === RELEVANTOR PARSER DIAGNOSTICS ===
                - rawResponseLength: 414
                - rawResponseSha256: b7bc6790d6beff58e1f98715f2f2204e968f85bf59bc960c0362acabef37a40e
                - firstSafeChars:
                {
      "title": "Title for FREE_SOURCE_QUERY",
      "original_url": "https://example.com/FREE_SOURCE_QUERY",
      "short_description": "Short description for FREE_SOURCE_QUERY",
      "key_takeaways": [
        { "title": "This is takeout number one for FREE_SOURCE_QUERY", "details": "details" },
        { "title": "This is takeout number two for FREE_SOURCE_QUERY", "details": "details" }
      ],
      "owner": "Owner FREE_SOURCE_QUERY"
    }
                -------------------------------------
                - parserStrategyUsed: org.json.JSONObject
                - parserFailureReasons: 
                - contractFailureReason: none
                -------------------------------------
                - isTestContext: true
                - offlineFallbackUsed: true
                - url: https://www.wischnewski-unlimited.com/wischnewski-in-guinea-bissau/
                - extractedContentLength: 414
                - extractorName: WebInputExtractor
                - geminiRequestStarted: true
                - geminiResponseReceived: true
                - parserSuccess: true
                - contractSuccess: true
                - resultRendered: PASS
                - failureStage: NONE
                ======================================
    REGRESSION_TEST: Testing type -> MULTIMEDIA_ANALYSIS
    REGRESSION_TEST: Prompt length for MULTIMEDIA_ANALYSIS is 11993 characters.
    PDF_DEBUG: PARSE START: rawText =
    {
      "title": "Title for MULTIMEDIA_ANALYSIS",
      "original_url": "https://example.com/MULTIMEDIA_ANALYSIS",
      "short_description": "Short description for MULTIMEDIA_ANALYSIS",
      "key_takeaways": [
        { "title": "This is takeout number one for MULTIMEDIA_ANALYSIS", "details": "details" },
        { "title": "This is takeout number two for MULTIMEDIA_ANALYSIS", "details": "details" }
      ],
      "owner": "Owner MULTIMEDIA_ANALYSIS"
    }
    ParserDiagnostics:
                === RELEVANTOR PARSER DIAGNOSTICS ===
                - rawResponseLength: 426
                - rawResponseSha256: 8998bab6f4bce849cb2ad51aac60e0c55058d6651f1c9642eb7a2fd1b90232d5
                - firstSafeChars:
                {
      "title": "Title for MULTIMEDIA_ANALYSIS",
      "original_url": "https://example.com/MULTIMEDIA_ANALYSIS",
      "short_description": "Short description for MULTIMEDIA_ANALYSIS",
      "key_takeaways": [
        { "title": "This is takeout number one for MULTIMEDIA_ANALYSIS", "details": "details" },
        { "title": "This is takeout number two for MULTIMEDIA_ANALYSIS", "details": "details" }
      ],
      "owner": "Owner MULTIMEDIA_ANALYSIS"
    }
                -------------------------------------
                - parserStrategyUsed: org.json.JSONObject
                - parserFailureReasons: 
                - contractFailureReason: none
                -------------------------------------
                - isTestContext: true
                - offlineFallbackUsed: true
                - url: https://www.wischnewski-unlimited.com/wischnewski-in-guinea-bissau/
                - extractedContentLength: 426
                - extractorName: WebInputExtractor
                - geminiRequestStarted: true
                - geminiResponseReceived: true
                - parserSuccess: true
                - contractSuccess: true
                - resultRendered: PASS
                - failureStage: NONE
                ======================================
    REGRESSION_TEST: Testing type -> FRESHNESS_CHECK
    REGRESSION_TEST: Prompt length for FRESHNESS_CHECK is 15753 characters.
    PDF_DEBUG: PARSE START: rawText =
    {
      "title": "Title for FRESHNESS_CHECK",
      "original_url": "https://example.com/FRESHNESS_CHECK",
      "short_description": "Short description for FRESHNESS_CHECK",
      "key_takeaways": [
        { "title": "This is takeout number one for FRESHNESS_CHECK", "details": "details" },
        { "title": "This is takeout number two for FRESHNESS_CHECK", "details": "details" }
      ],
      "owner": "Owner FRESHNESS_CHECK"
    }
    ParserDiagnostics:
                === RELEVANTOR PARSER DIAGNOSTICS ===
                - rawResponseLength: 402
                - rawResponseSha256: c2aaa13647275ba692471a338f83c19f9c1685fbf73292ee1f1cf0680a0f6f98
                - firstSafeChars:
                {
      "title": "Title for FRESHNESS_CHECK",
      "original_url": "https://example.com/FRESHNESS_CHECK",
      "short_description": "Short description for FRESHNESS_CHECK",
      "key_takeaways": [
        { "title": "This is takeout number one for FRESHNESS_CHECK", "details": "details" },
        { "title": "This is takeout number two for FRESHNESS_CHECK", "details": "details" }
      ],
      "owner": "Owner FRESHNESS_CHECK"
    }
                -------------------------------------
                - parserStrategyUsed: org.json.JSONObject
                - parserFailureReasons: 
                - contractFailureReason: none
                -------------------------------------
                - isTestContext: true
                - offlineFallbackUsed: true
                - url: https://www.wischnewski-unlimited.com/wischnewski-in-guinea-bissau/
                - extractedContentLength: 402
                - extractorName: WebInputExtractor
                - geminiRequestStarted: true
                - geminiResponseReceived: true
                - parserSuccess: true
                - contractSuccess: true
                - resultRendered: PASS
                - failureStage: NONE
                ======================================
    REGRESSION_TEST: Testing type -> MISINFORMATION_RADAR
    REGRESSION_TEST: Prompt length for MISINFORMATION_RADAR is 8243 characters.
    PDF_DEBUG: PARSE START: rawText =
    {
      "title": "Title for MISINFORMATION_RADAR",
      "original_url": "https://example.com/MISINFORMATION_RADAR",
      "short_description": "Short description for MISINFORMATION_RADAR",
      "key_takeaways": [
        { "title": "This is takeout number one for MISINFORMATION_RADAR", "details": "details" },
        { "title": "This is takeout number two for MISINFORMATION_RADAR", "details": "details" }
      ],
      "owner": "Owner MISINFORMATION_RADAR"
    }
    ParserDiagnostics:
                === RELEVANTOR PARSER DIAGNOSTICS ===
                - rawResponseLength: 432
                - rawResponseSha256: 8cad2f5e3d7b7b32eeda5ec361c1c1172ef5727f4b1a3632ecc2abf29091c1c8
                - firstSafeChars:
                {
      "title": "Title for MISINFORMATION_RADAR",
      "original_url": "https://example.com/MISINFORMATION_RADAR",
      "short_description": "Short description for MISINFORMATION_RADAR",
      "key_takeaways": [
        { "title": "This is takeout number one for MISINFORMATION_RADAR", "details": "details" },
        { "title": "This is takeout number two for MISINFORMATION_RADAR", "details": "details" }
      ],
      "owner": "Owner MISINFORMATION_RADAR"
    }
                -------------------------------------
                - parserStrategyUsed: org.json.JSONObject
                - parserFailureReasons: 
                - contractFailureReason: none
                -------------------------------------
                - isTestContext: true
                - offlineFallbackUsed: true
                - url: https://www.wischnewski-unlimited.com/wischnewski-in-guinea-bissau/
                - extractedContentLength: 432
                - extractorName: WebInputExtractor
                - geminiRequestStarted: true
                - geminiResponseReceived: true
                - parserSuccess: true
                - contractSuccess: true
                - resultRendered: PASS
                - failureStage: NONE
                ======================================
    REGRESSION_TEST: Testing type -> FACTS_VS_OPINIONS
    REGRESSION_TEST: Prompt length for FACTS_VS_OPINIONS is 21419 characters.
    PDF_DEBUG: PARSE START: rawText =
    {
      "title": "Title for FACTS_VS_OPINIONS",
      "original_url": "https://example.com/FACTS_VS_OPINIONS",
      "short_description": "Short description for FACTS_VS_OPINIONS",
      "key_takeaways": [
        { "title": "This is takeout number one for FACTS_VS_OPINIONS", "details": "details" },
        { "title": "This is takeout number two for FACTS_VS_OPINIONS", "details": "details" }
      ],
      "owner": "Owner FACTS_VS_OPINIONS"
    }
    ParserDiagnostics:
                === RELEVANTOR PARSER DIAGNOSTICS ===
                - rawResponseLength: 414
                - rawResponseSha256: 36ab0fe8719b4e2f4ee874e4e68671e76c66aa5babc4cefae4f274ec7f1a10e4
                - firstSafeChars:
                {
      "title": "Title for FACTS_VS_OPINIONS",
      "original_url": "https://example.com/FACTS_VS_OPINIONS",
      "short_description": "Short description for FACTS_VS_OPINIONS",
      "key_takeaways": [
        { "title": "This is takeout number one for FACTS_VS_OPINIONS", "details": "details" },
        { "title": "This is takeout number two for FACTS_VS_OPINIONS", "details": "details" }
      ],
      "owner": "Owner FACTS_VS_OPINIONS"
    }
                -------------------------------------
                - parserStrategyUsed: org.json.JSONObject
                - parserFailureReasons: 
                - contractFailureReason: none
                -------------------------------------
                - isTestContext: true
                - offlineFallbackUsed: true
                - url: https://www.wischnewski-unlimited.com/wischnewski-in-guinea-bissau/
                - extractedContentLength: 414
                - extractorName: WebInputExtractor
                - geminiRequestStarted: true
                - geminiResponseReceived: true
                - parserSuccess: true
                - contractSuccess: true
                - resultRendered: PASS
                - failureStage: NONE
                ======================================
    REGRESSION_TEST: Testing type -> RISK_ANALYSIS
    REGRESSION_TEST: Prompt length for RISK_ANALYSIS is 13383 characters.
    PDF_DEBUG: PARSE START: rawText =
    {
      "title": "Title for RISK_ANALYSIS",
      "original_url": "https://example.com/RISK_ANALYSIS",
      "short_description": "Short description for RISK_ANALYSIS",
      "key_takeaways": [
        { "title": "This is takeout number one for RISK_ANALYSIS", "details": "details" },
        { "title": "This is takeout number two for RISK_ANALYSIS", "details": "details" }
      ],
      "owner": "Owner RISK_ANALYSIS"
    }
    ParserDiagnostics:
                === RELEVANTOR PARSER DIAGNOSTICS ===
                - rawResponseLength: 390
                - rawResponseSha256: 4ed4d43dc16f9235145154914317e1442d7096bb553510680b22d2c6c96f1451
                - firstSafeChars:
                {
      "title": "Title for RISK_ANALYSIS",
      "original_url": "https://example.com/RISK_ANALYSIS",
      "short_description": "Short description for RISK_ANALYSIS",
      "key_takeaways": [
        { "title": "This is takeout number one for RISK_ANALYSIS", "details": "details" },
        { "title": "This is takeout number two for RISK_ANALYSIS", "details": "details" }
      ],
      "owner": "Owner RISK_ANALYSIS"
    }
                -------------------------------------
                - parserStrategyUsed: org.json.JSONObject
                - parserFailureReasons: 
                - contractFailureReason: none
                -------------------------------------
                - isTestContext: true
                - offlineFallbackUsed: true
                - url: https://www.wischnewski-unlimited.com/wischnewski-in-guinea-bissau/
                - extractedContentLength: 390
                - extractorName: WebInputExtractor
                - geminiRequestStarted: true
                - geminiResponseReceived: true
                - parserSuccess: true
                - contractSuccess: true
                - resultRendered: PASS
                - failureStage: NONE
                ======================================
    REGRESSION_TEST: Testing type -> PERSPECTIVES_COUNTERPOSITIONS
    REGRESSION_TEST: Prompt length for PERSPECTIVES_COUNTERPOSITIONS is 12531 characters.
    PDF_DEBUG: PARSE START: rawText =
    {
      "title": "Title for PERSPECTIVES_COUNTERPOSITIONS",
      "original_url": "https://example.com/PERSPECTIVES_COUNTERPOSITIONS",
      "short_description": "Short description for PERSPECTIVES_COUNTERPOSITIONS",
      "key_takeaways": [
        { "title": "This is takeout number one for PERSPECTIVES_COUNTERPOSITIONS", "details": "details" },
        { "title": "This is takeout number two for PERSPECTIVES_COUNTERPOSITIONS", "details": "details" }
      ],
      "owner": "Owner PERSPECTIVES_COUNTERPOSITIONS"
    }
    ParserDiagnostics:
                === RELEVANTOR PARSER DIAGNOSTICS ===
                - rawResponseLength: 486
                - rawResponseSha256: 8f97b95b246917598fa2d9528ab52b48b63fdc35be78031ad5d514ee30cf3d05
                - firstSafeChars:
                {
      "title": "Title for PERSPECTIVES_COUNTERPOSITIONS",
      "original_url": "https://example.com/PERSPECTIVES_COUNTERPOSITIONS",
      "short_description": "Short description for PERSPECTIVES_COUNTERPOSITIONS",
      "key_takeaways": [
        { "title": "This is takeout number one for PERSPECTIVES_COUNTERPOSITIONS", "details": "details" },
        { "title": "This is takeout number two for PERSPECTIVES_COUNTERPOSITIONS", "details": "details" }
      ],
      "owner": "Owner PERSPECTIVES_COUNTERPOSITIONS"
    }
                -------------------------------------
                - parserStrategyUsed: org.json.JSONObject
                - parserFailureReasons: 
                - contractFailureReason: none
                -------------------------------------
                - isTestContext: true
                - offlineFallbackUsed: true
                - url: https://www.wischnewski-unlimited.com/wischnewski-in-guinea-bissau/
                - extractedContentLength: 486
                - extractorName: WebInputExtractor
                - geminiRequestStarted: true
                - geminiResponseReceived: true
                - parserSuccess: true
                - contractSuccess: true
                - resultRendered: PASS
                - failureStage: NONE
                ======================================
    REGRESSION_TEST: Testing type -> GOOGLE_MAPS_ANALYZER
    REGRESSION_TEST: Prompt length for GOOGLE_MAPS_ANALYZER is 13826 characters.
    PDF_DEBUG: PARSE START: rawText =
    {
      "title": "Title for GOOGLE_MAPS_ANALYZER",
      "original_url": "https://example.com/GOOGLE_MAPS_ANALYZER",
      "short_description": "Short description for GOOGLE_MAPS_ANALYZER",
      "key_takeaways": [
        { "title": "This is takeout number one for GOOGLE_MAPS_ANALYZER", "details": "details" },
        { "title": "This is takeout number two for GOOGLE_MAPS_ANALYZER", "details": "details" }
      ],
      "owner": "Owner GOOGLE_MAPS_ANALYZER"
    }
    ParserDiagnostics:
                === RELEVANTOR PARSER DIAGNOSTICS ===
                - rawResponseLength: 432
                - rawResponseSha256: 4699dda6a721bf8ced2db318cd5d294f9f0946e1a4b9a53ae41869445455149f
                - firstSafeChars:
                {
      "title": "Title for GOOGLE_MAPS_ANALYZER",
      "original_url": "https://example.com/GOOGLE_MAPS_ANALYZER",
      "short_description": "Short description for GOOGLE_MAPS_ANALYZER",
      "key_takeaways": [
        { "title": "This is takeout number one for GOOGLE_MAPS_ANALYZER", "details": "details" },
        { "title": "This is takeout number two for GOOGLE_MAPS_ANALYZER", "details": "details" }
      ],
      "owner": "Owner GOOGLE_MAPS_ANALYZER"
    }
                -------------------------------------
                - parserStrategyUsed: org.json.JSONObject
                - parserFailureReasons: 
                - contractFailureReason: none
                -------------------------------------
                - isTestContext: true
                - offlineFallbackUsed: true
                - url: https://www.wischnewski-unlimited.com/wischnewski-in-guinea-bissau/
                - extractedContentLength: 432
                - extractorName: WebInputExtractor
                - geminiRequestStarted: true
                - geminiResponseReceived: true
                - parserSuccess: true
                - contractSuccess: true
                - resultRendered: PASS
                - failureStage: NONE
                ======================================
    REGRESSION_TEST: Testing type -> PHOTO_SCREENSHOT_ANALYSIS
    REGRESSION_TEST: Prompt length for PHOTO_SCREENSHOT_ANALYSIS is 7679 characters.
    PDF_DEBUG: PARSE START: rawText =
    {
      "title": "Title for PHOTO_SCREENSHOT_ANALYSIS",
      "original_url": "https://example.com/PHOTO_SCREENSHOT_ANALYSIS",
      "short_description": "Short description for PHOTO_SCREENSHOT_ANALYSIS",
      "key_takeaways": [
        { "title": "This is takeout number one for PHOTO_SCREENSHOT_ANALYSIS", "details": "details" },
        { "title": "This is takeout number two for PHOTO_SCREENSHOT_ANALYSIS", "details": "details" }
      ],
      "owner": "Owner PHOTO_SCREENSHOT_ANALYSIS"
    }
    ParserDiagnostics:
                === RELEVANTOR PARSER DIAGNOSTICS ===
                - rawResponseLength: 462
                - rawResponseSha256: 97ddbf7ceef892aea65c61a58718cfb03c307228146cf14763a431b3cd776d2e
                - firstSafeChars:
                {
      "title": "Title for PHOTO_SCREENSHOT_ANALYSIS",
      "original_url": "https://example.com/PHOTO_SCREENSHOT_ANALYSIS",
      "short_description": "Short description for PHOTO_SCREENSHOT_ANALYSIS",
      "key_takeaways": [
        { "title": "This is takeout number one for PHOTO_SCREENSHOT_ANALYSIS", "details": "details" },
        { "title": "This is takeout number two for PHOTO_SCREENSHOT_ANALYSIS", "details": "details" }
      ],
      "owner": "Owner PHOTO_SCREENSHOT_ANALYSIS"
    }
                -------------------------------------
                - parserStrategyUsed: org.json.JSONObject
                - parserFailureReasons: 
                - contractFailureReason: none
                -------------------------------------
                - isTestContext: true
                - offlineFallbackUsed: true
                - url: https://www.wischnewski-unlimited.com/wischnewski-in-guinea-bissau/
                - extractedContentLength: 462
                - extractorName: WebInputExtractor
                - geminiRequestStarted: true
                - geminiResponseReceived: true
                - parserSuccess: true
                - contractSuccess: true
                - resultRendered: PASS
                - failureStage: NONE
                ======================================

ExampleRobolectricTest > testDirectPdfMultimodalProcessing STANDARD_OUT
    ROBOLECTRIC: No valid Gemini API Key starting with 'AIzaSy' found. Skipping live direct PDF test.

ExampleRobolectricTest > testListModels STANDARD_OUT
    ROBOLECTRIC: Calling ListModels at: https://generativelanguage.googleapis.com/v1beta/models
    ROBOLECTRIC: ListModels Response HTTP Status: 200
    ROBOLECTRIC: Distinct Model Names Found:
      - models/gemini-2.5-flash
      - models/gemini-2.5-pro
      - models/gemini-2.0-flash
      - models/gemini-2.0-flash-001
      - models/gemini-2.0-flash-lite-001
      - models/gemini-2.0-flash-lite
      - models/gemini-2.5-flash-preview-tts
      - models/gemini-2.5-pro-preview-tts
      - models/gemini-flash-latest
      - models/gemini-flash-lite-latest
      - models/gemini-pro-latest
      - models/gemini-2.5-flash-lite
      - models/gemini-2.5-flash-image
      - models/gemini-3-pro-preview
      - models/gemini-3-flash-preview
      - models/gemini-3.1-pro-preview
      - models/gemini-3.1-pro-preview-customtools
      - models/gemini-3.1-flash-lite-preview
      - models/gemini-3.1-flash-lite
      - models/gemini-3-pro-image-preview
      - models/gemini-3-pro-image
      - models/gemini-3.1-flash-image-preview
      - models/gemini-3.1-flash-image
      - models/gemini-3.1-flash-lite-image
      - models/gemini-3.5-flash
      - models/gemini-3.5-flash-lite
      - models/gemini-omni-flash-preview
      - models/gemini-3.6-flash
      - models/gemini-3.1-flash-tts-preview
      - models/gemini-robotics-er-1.5-preview
      - models/gemini-robotics-er-1.6-preview
      - models/gemini-2.5-computer-use-preview-10-2025
      - models/gemini-embedding-001
      - models/gemini-embedding-2-preview
      - models/gemini-embedding-2

ExampleRobolectricTest > testAllAnalysisTypes STANDARD_OUT
    ROBOLECTRIC: Fetching content for: https://our-worldly-wisdom.com/georgetown-penang-street-art/

    ROBOLECTRIC: =========================================
    ROBOLECTRIC: TESTING ANALYSIS TYPE: AKTUALITAETS_CHECK
    PDF_DEBUG: PARSE START: rawText =
    ```json
    {
      "title": "Aktualitätsprüfung: Georgetown Penang Street Art",
      "original_url": "https://our-worldly-wisdom.com/georgetown-penang-street-art/",
      "short_description": "Gesamturteil: Die Quelle wurde am 31. März 2015 veröffentlicht und behandelt das Thema Street Art in George Town, Penang. Da der zur Analyse bereitgestellte Inhalt generisch war ('Sample content about traveling.'), konnte keine detaillierte inhaltliche Prüfung der ursprünglichen Aussagen erfolgen. Basierend auf dem Veröffentlichungsdatum ist die Quelle als historisches Dokument zum Stand der Street Art von 2015 zu betrachten. Aktuelle Informationen zur Street Art in Penang zeigen jedoch, dass sich die Situation seitdem dynamisch entwickelt hat.",
      "key_takeaways": [
        {
          "title": "Veröffentlichungsdatum der Quelle",
          "details": "Die Analyse der URL-Metadaten und Suchergebnisse zeigt, dass der Artikel 'Penang (Street-Art)' auf 'our-worldly-wisdom.com' am 31. März 2015 veröffentlicht wurde. Ein explizites Publikationsdatum war im bereitgestellten generischen 'Sample content' nicht enthalten."
        },
        {
          "title": "Inhaltliche Gültigkeit und Dynamik der Street Art",
          "details": "Aufgrund des generischen Inhalts ('Sample content about traveling.') konnte keine spezifische inhaltliche Prüfung der Aussagen des Originalartikels vorgenommen werden. Allgemein ist das Thema Street Art jedoch sehr dynamisch. Seit 2015 haben sich viele Aspekte der Street Art in George Town, Penang, verändert. Murals verblassen, werden restauriert oder neue Kunstwerke entstehen. Ein Artikel von 2015 würde daher die damalige Situation widerspiegeln, während aktuelle Guides (z.B. von 2026) die gegenwärtigen Bedingungen und Standorte der Kunstwerke beschreiben. Daher sind spezifische Angaben zu Zustand und Existenz einzelner Kunstwerke aus dem Jahr 2015 wahrscheinlich teilweise überholt oder veraltet."
        },
        {
          "title": "Historischer Kontext der Street Art in George Town",
          "details": "Die Entstehung der Street Art in George Town begann nach der UNESCO-Welterbestatus-Verleihung 2008, mit Projekten wie 'Marking George Town' ab 2009 und Murals von Ernest Zacharevic ab 2012. Diese historischen Fakten sind zeitlos gültig und würden auch in einem Artikel von 2015 korrekt dargestellt sein. Die fortlaufende Pflege und Entwicklung der Kunstwerke, wie die Restaurierung durch Künstler wie Ernest Zacharevic im November 2024, zeigt die anhaltende Relevanz des Themas."
        }
      ]
    }
    ```
    ParserDiagnostics:
                === RELEVANTOR PARSER DIAGNOSTICS ===
                - rawResponseLength: 2498
                - rawResponseSha256: ac421393eb1a267f330465c1e30c97dadaeb5fff1b80b1962c9d600703127e53
                - firstSafeChars:
                ```json
    {
      "title": "Aktualitätsprüfung: Georgetown Penang Street Art",
      "original_url": "https://our-worldly-wisdom.com/georgetown-penang-street-art/",
      "short_description": "Gesamturteil: Die Quelle wurde am 31. März 2015 veröffentlicht und behandelt das Thema Street Art in George Town, Penang. Da der zur Analyse bereitgestellte Inhalt generisch war ('Sample content about traveling.'), konnte keine detaillierte inhaltliche Prüfung der ursprünglichen Aussagen erfolgen. Basierend auf dem Verö
                -------------------------------------
                - parserStrategyUsed: org.json.JSONObject
                - parserFailureReasons: 
                - contractFailureReason: none
                -------------------------------------
                - isTestContext: true
                - offlineFallbackUsed: false
                - url: https://our-worldly-wisdom.com/georgetown-penang-street-art/
                - extractedContentLength: 2498
                - extractorName: WebInputExtractor
                - geminiRequestStarted: true
                - geminiResponseReceived: true
                - parserSuccess: true
                - contractSuccess: true
                - resultRendered: PASS
                - failureStage: NONE
                ======================================
    ANALYSIS_TRACE: ANALYSIS_TRACE
    analysisId: ac2a7772-4abc-4f5f-85d3-2f84de69e868
    functionId: FRESHNESS_CHECK
    sourceType: WEBPAGE
    displayName: https://our-worldly-wisdom.com/georgetown-penang-street-art/
    mimeType: 
    byteSize: 31
    promptFile: prompts/F_AKTUALITAETS_CHECK.md
    promptHash: 04b42930b97a38e1fea455c12586e2c951963273c2dfe59d57d6a75c4bb5af44
    model: gemini-2.5-flash
    requestMode: grounding
    httpStatus: 200
    rawResponseLength: 2498
    parserSuccess: true
    takeawayCount: 3
    fallbackUsed: false
    exception: null
    durationMs: 12004
    ROBOLECTRIC: AKTUALITAETS_CHECK SUCCESS! Takeaways count: 3
    ROBOLECTRIC: =========================================


    ROBOLECTRIC: =========================================
    ROBOLECTRIC: TESTING ANALYSIS TYPE: FEHLINFORMATIONS_RADAR
    PDF_DEBUG: PARSE START: rawText =
    ```json
    {
      "title": "Faktenprüfung: Georgetown Penang Street Art",
      "original_url": "https://our-worldly-wisdom.com/georgetown-penang-street-art/",
      "short_description": "Der bereitgestellte Inhalt ist ein Beispieltext über Reisen und bietet keine ausreichenden Informationen für eine detaillierte Analyse. Eine Bewertung der Vertrauenswürdigkeit oder des Inhalts ist auf dieser Basis nicht möglich.",
      "key_takeaways": [
        {
          "title": "INSUFFICIENT_CONTENT",
          "details": "Der zur Analyse bereitgestellte Inhalt ist lediglich ein Beispieltext ('Sample content about traveling.') und enthält keine konkreten Informationen, Fakten oder Argumente, die einer Prüfung unterzogen werden könnten. Eine Bewertung hinsichtlich Fehlinformationen, Clickbait oder manipulativer Rhetorik ist daher nicht möglich."
        }
      ],
      "owner": null
    }
    ```
    ParserDiagnostics:
                === RELEVANTOR PARSER DIAGNOSTICS ===
                - rawResponseLength: 849
                - rawResponseSha256: ea9ac9556a3d630bdf5f346652a54a6aa98668dac12cac57398c8987984154e2
                - firstSafeChars:
                ```json
    {
      "title": "Faktenprüfung: Georgetown Penang Street Art",
      "original_url": "https://our-worldly-wisdom.com/georgetown-penang-street-art/",
      "short_description": "Der bereitgestellte Inhalt ist ein Beispieltext über Reisen und bietet keine ausreichenden Informationen für eine detaillierte Analyse. Eine Bewertung der Vertrauenswürdigkeit oder des Inhalts ist auf dieser Basis nicht möglich.",
      "key_takeaways": [
        {
          "title": "INSUFFICIENT_CONTENT",
          "details": "Der zur Ana
                -------------------------------------
                - parserStrategyUsed: org.json.JSONObject
                - parserFailureReasons: 
                - contractFailureReason: none
                -------------------------------------
                - isTestContext: true
                - offlineFallbackUsed: false
                - url: https://our-worldly-wisdom.com/georgetown-penang-street-art/
                - extractedContentLength: 849
                - extractorName: WebInputExtractor
                - geminiRequestStarted: true
                - geminiResponseReceived: true
                - parserSuccess: true
                - contractSuccess: true
                - resultRendered: PASS
                - failureStage: NONE
                ======================================
    ANALYSIS_TRACE: ANALYSIS_TRACE
    analysisId: 5a775aab-e1f1-48d0-961c-b24d9a8968d2
    functionId: MISINFORMATION_RADAR
    sourceType: WEBPAGE
    displayName: https://our-worldly-wisdom.com/georgetown-penang-street-art/
    mimeType: 
    byteSize: 31
    promptFile: prompts/F_FEHLINFORMATIONS_RADAR.md
    promptHash: b578b0f39ec16fb6c1d8da407e9199a2503fe0e3563d702668596c4103ec7bb5
    model: gemini-2.5-flash
    requestMode: grounding
    httpStatus: 200
    rawResponseLength: 849
    parserSuccess: true
    takeawayCount: 1
    fallbackUsed: false
    exception: null
    durationMs: 1737
    ROBOLECTRIC: FEHLINFORMATIONS_RADAR SUCCESS! Takeaways count: 1
    ROBOLECTRIC: =========================================


ExampleRobolectricTest > testSummaryResponseParser STANDARD_OUT
    PDF_DEBUG: PARSE START: rawText =
    {
      "title": "A Great Article",
      "original_url": "https://example.com/classic",
      "short_description": "We analyze everything here in detail.",
      "key_takeaways": [
        { "title": "1. Deep insight into modularization", "details": "My second major takeaway" }
      ],
      "owner": "John Author"
    }
    ParserDiagnostics:
                === RELEVANTOR PARSER DIAGNOSTICS ===
                - rawResponseLength: 291
                - rawResponseSha256: 3eeff577c083dfac0046c9a02364d6c4fc3abe39214f51bd939f5d35652b09ff
                - firstSafeChars:
                {
      "title": "A Great Article",
      "original_url": "https://example.com/classic",
      "short_description": "We analyze everything here in detail.",
      "key_takeaways": [
        { "title": "1. Deep insight into modularization", "details": "My second major takeaway" }
      ],
      "owner": "John Author"
    }
                -------------------------------------
                - parserStrategyUsed: org.json.JSONObject
                - parserFailureReasons: 
                - contractFailureReason: none
                -------------------------------------
                - isTestContext: true
                - offlineFallbackUsed: true
                - url: https://www.wischnewski-unlimited.com/wischnewski-in-guinea-bissau/
                - extractedContentLength: 291
                - extractorName: WebInputExtractor
                - geminiRequestStarted: true
                - geminiResponseReceived: true
                - parserSuccess: true
                - contractSuccess: true
                - resultRendered: PASS
                - failureStage: NONE
                ======================================
    PDF_DEBUG: PARSE START: rawText =
    Some preamble text from LLM...
    ```json
    {
      "title": "Markdown Article",
      "original_url": "https://example.com/md",
      "short_description": "MD short desc.",
      "key_takeaways": [
        { "title": "Takeaway A", "details": "details A" },
        { "title": "Takeaway B", "details": "details B" }
      ]
    }
    ```
    Some postamble text.
    ParserDiagnostics:
                === RELEVANTOR PARSER DIAGNOSTICS ===
                - rawResponseLength: 317
                - rawResponseSha256: cbee6907f0e32583ed82f15f58aadf75955c7209783db5eaddb4c898dc3ca870
                - firstSafeChars:
                Some preamble text from LLM...
    ```json
    {
      "title": "Markdown Article",
      "original_url": "https://example.com/md",
      "short_description": "MD short desc.",
      "key_takeaways": [
        { "title": "Takeaway A", "details": "details A" },
        { "title": "Takeaway B", "details": "details B" }
      ]
    }
    ```
    Some postamble text.
                -------------------------------------
                - parserStrategyUsed: org.json.JSONObject
                - parserFailureReasons: 
                - contractFailureReason: none
                -------------------------------------
                - isTestContext: true
                - offlineFallbackUsed: true
                - url: https://www.wischnewski-unlimited.com/wischnewski-in-guinea-bissau/
                - extractedContentLength: 317
                - extractorName: WebInputExtractor
                - geminiRequestStarted: true
                - geminiResponseReceived: true
                - parserSuccess: true
                - contractSuccess: true
                - resultRendered: PASS
                - failureStage: NONE
                ======================================

ExampleRobolectricTest > testPromptEngineOrchestration STANDARD_OUT
    PromptEngine correctly bubbled up the missing prompt error!

ExampleRobolectricTest > testDocumentPipelineScannedPdfFailsWithInsufficientContent STANDARD_OUT
    Scanned PDF correctly threw INSUFFICIENT_DOCUMENT_CONTENT

ExampleRobolectricTest > testLiveDocumentAnalysis STANDARD_OUT
    ROBOLECTRIC_DIAGNOSTIC: Running live Gemini analysis for DOKUMENTE...
    ROBOLECTRIC_DIAGNOSTIC: Live call failed with exception: Contract violation: input schema requires non-null/non-empty rawBytes for functionId: DOCUMENT_SUMMARY

ExampleRobolectricTest > testLiveDocumentAnalysis STANDARD_ERROR
    java.lang.IllegalStateException: Contract violation: input schema requires non-null/non-empty rawBytes for functionId: DOCUMENT_SUMMARY
    	at com.example.domain.engine.EngineContract.validateInput(AnalysisRegistry.kt:25)
    	at com.example.data.engine.EngineRunnerImpl.runEngine(EngineRunnerImpl.kt:13)
    	at com.example.domain.usecase.AnalyzeContentUseCase.execute(AnalyzeContentUseCase.kt:41)
    	at com.example.domain.usecase.AnalyzeContentUseCase.execute$default(AnalyzeContentUseCase.kt:22)
    	at com.example.ExampleRobolectricTest$testLiveDocumentAnalysis$1.invokeSuspend(ExampleRobolectricTest.kt:1043)
    	at kotlin.coroutines.jvm.internal.BaseContinuationImpl.resumeWith(ContinuationImpl.kt:33)
    	at kotlinx.coroutines.DispatchedTask.run(DispatchedTask.kt:100)
    	at kotlinx.coroutines.EventLoopImplBase.processNextEvent(EventLoop.common.kt:263)
    	at kotlinx.coroutines.BlockingCoroutine.joinBlocking(Builders.kt:94)
    	at kotlinx.coroutines.BuildersKt__BuildersKt.runBlocking(Builders.kt:70)
    	at kotlinx.coroutines.BuildersKt.runBlocking(Unknown Source)
    	at kotlinx.coroutines.BuildersKt__BuildersKt.runBlocking$default(Builders.kt:48)
    	at kotlinx.coroutines.BuildersKt.runBlocking$default(Unknown Source)
    	at com.example.ExampleRobolectricTest.testLiveDocumentAnalysis(ExampleRobolectricTest.kt:992)
    	at java.base/jdk.internal.reflect.DirectMethodHandleAccessor.invoke(DirectMethodHandleAccessor.java:103)
    	at java.base/java.lang.reflect.Method.invoke(Method.java:580)
    	at org.junit.runners.model.FrameworkMethod$1.runReflectiveCall(FrameworkMethod.java:59)
    	at org.junit.internal.runners.model.ReflectiveCallable.run(ReflectiveCallable.java:12)
    	at org.junit.runners.model.FrameworkMethod.invokeExplosively(FrameworkMethod.java:56)
    	at org.junit.internal.runners.statements.InvokeMethod.evaluate(InvokeMethod.java:17)
    	at org.junit.internal.runners.statements.RunBefores.evaluate(RunBefores.java:26)
    	at org.junit.runners.ParentRunner$3.evaluate(ParentRunner.java:306)
    	at org.robolectric.RobolectricTestRunner$HelperTestRunner$1.evaluate(RobolectricTestRunner.java:524)
    	at org.robolectric.internal.SandboxTestRunner.executeInSandbox(SandboxTestRunner.java:494)
    	at org.robolectric.internal.SandboxTestRunner.access$900(SandboxTestRunner.java:67)
    	at org.robolectric.internal.SandboxTestRunner$7.evaluate(SandboxTestRunner.java:442)
    	at org.junit.runners.BlockJUnit4ClassRunner$1.evaluate(BlockJUnit4ClassRunner.java:100)
    	at org.junit.runners.ParentRunner.runLeaf(ParentRunner.java:366)
    	at org.junit.runners.BlockJUnit4ClassRunner.runChild(BlockJUnit4ClassRunner.java:103)
    	at org.robolectric.internal.SandboxTestRunner.access$600(SandboxTestRunner.java:67)
    	at org.robolectric.internal.SandboxTestRunner$6.evaluate(SandboxTestRunner.java:333)
    	at org.robolectric.internal.SandboxTestRunner$3.evaluate(SandboxTestRunner.java:233)
    	at org.robolectric.internal.SandboxTestRunner$5.lambda$evaluate$0(SandboxTestRunner.java:317)
    	at org.robolectric.internal.bytecode.Sandbox.lambda$runOnMainThread$0(Sandbox.java:101)
    	at java.base/java.util.concurrent.FutureTask.run(FutureTask.java:317)
    	at java.base/java.util.concurrent.ThreadPoolExecutor.runWorker(ThreadPoolExecutor.java:1144)
    	at java.base/java.util.concurrent.ThreadPoolExecutor$Worker.run(ThreadPoolExecutor.java:642)
    	at java.base/java.lang.Thread.run(Thread.java:1583)

ExampleRobolectricTest > testGudrunNoltePdfAnalysis STANDARD_OUT
    ROBOLECTRIC_DIAGNOSTIC_PDF: File Name = GudrunNolte.pdf
    ROBOLECTRIC_DIAGNOSTIC_PDF: URI = file://GudrunNolte.pdf
    ROBOLECTRIC_DIAGNOSTIC_PDF: Byte Size = 1381
    ROBOLECTRIC_DIAGNOSTIC_PDF: SHA-256 Hash = cd7b5534324e6664ade802e19f4d79eef9f9f3f1aea3fd5375233e4104ae63ec
    ROBOLECTRIC_DIAGNOSTIC_PDF: First Meta = DekaBank Deutsche Girozentrale / Deka Investments
    Steuerliche Bescheinigung für das Kalenderjahr 202
    ROBOLECTRIC_DIAGNOSTIC_PDF: Running live Gemini analysis for GudrunNolte.PDF...
    ROBOLECTRIC_DIAGNOSTIC_PDF: Live call failed with exception: Contract violation: input schema requires non-null/non-empty rawBytes for functionId: DOCUMENT_SUMMARY

ExampleRobolectricTest > testGudrunNoltePdfAnalysis STANDARD_ERROR
    java.lang.IllegalStateException: Contract violation: input schema requires non-null/non-empty rawBytes for functionId: DOCUMENT_SUMMARY
    	at com.example.domain.engine.EngineContract.validateInput(AnalysisRegistry.kt:25)
    	at com.example.data.engine.EngineRunnerImpl.runEngine(EngineRunnerImpl.kt:13)
    	at com.example.domain.usecase.AnalyzeContentUseCase.execute(AnalyzeContentUseCase.kt:41)
    	at com.example.domain.usecase.AnalyzeContentUseCase.execute$default(AnalyzeContentUseCase.kt:22)
    	at com.example.ExampleRobolectricTest$testGudrunNoltePdfAnalysis$1.invokeSuspend(ExampleRobolectricTest.kt:1121)
    	at kotlin.coroutines.jvm.internal.BaseContinuationImpl.resumeWith(ContinuationImpl.kt:33)
    	at kotlinx.coroutines.DispatchedTask.run(DispatchedTask.kt:100)
    	at kotlinx.coroutines.EventLoopImplBase.processNextEvent(EventLoop.common.kt:263)
    	at kotlinx.coroutines.BlockingCoroutine.joinBlocking(Builders.kt:94)
    	at kotlinx.coroutines.BuildersKt__BuildersKt.runBlocking(Builders.kt:70)
    	at kotlinx.coroutines.BuildersKt.runBlocking(Unknown Source)
    	at kotlinx.coroutines.BuildersKt__BuildersKt.runBlocking$default(Builders.kt:48)
    	at kotlinx.coroutines.BuildersKt.runBlocking$default(Unknown Source)
    	at com.example.ExampleRobolectricTest.testGudrunNoltePdfAnalysis(ExampleRobolectricTest.kt:1062)
    	at java.base/jdk.internal.reflect.DirectMethodHandleAccessor.invoke(DirectMethodHandleAccessor.java:103)
    	at java.base/java.lang.reflect.Method.invoke(Method.java:580)
    	at org.junit.runners.model.FrameworkMethod$1.runReflectiveCall(FrameworkMethod.java:59)
    	at org.junit.internal.runners.model.ReflectiveCallable.run(ReflectiveCallable.java:12)
    	at org.junit.runners.model.FrameworkMethod.invokeExplosively(FrameworkMethod.java:56)
    	at org.junit.internal.runners.statements.InvokeMethod.evaluate(InvokeMethod.java:17)
    	at org.junit.internal.runners.statements.RunBefores.evaluate(RunBefores.java:26)
    	at org.junit.runners.ParentRunner$3.evaluate(ParentRunner.java:306)
    	at org.robolectric.RobolectricTestRunner$HelperTestRunner$1.evaluate(RobolectricTestRunner.java:524)
    	at org.robolectric.internal.SandboxTestRunner.executeInSandbox(SandboxTestRunner.java:494)
    	at org.robolectric.internal.SandboxTestRunner.access$900(SandboxTestRunner.java:67)
    	at org.robolectric.internal.SandboxTestRunner$7.evaluate(SandboxTestRunner.java:442)
    	at org.junit.runners.BlockJUnit4ClassRunner$1.evaluate(BlockJUnit4ClassRunner.java:100)
    	at org.junit.runners.ParentRunner.runLeaf(ParentRunner.java:366)
    	at org.junit.runners.BlockJUnit4ClassRunner.runChild(BlockJUnit4ClassRunner.java:103)
    	at org.robolectric.internal.SandboxTestRunner.access$600(SandboxTestRunner.java:67)
    	at org.robolectric.internal.SandboxTestRunner$6.evaluate(SandboxTestRunner.java:333)
    	at org.robolectric.internal.SandboxTestRunner$3.evaluate(SandboxTestRunner.java:233)
    	at org.robolectric.internal.SandboxTestRunner$5.lambda$evaluate$0(SandboxTestRunner.java:317)
    	at org.robolectric.internal.bytecode.Sandbox.lambda$runOnMainThread$0(Sandbox.java:101)
    	at java.base/java.util.concurrent.FutureTask.run(FutureTask.java:317)
    	at java.base/java.util.concurrent.ThreadPoolExecutor.runWorker(ThreadPoolExecutor.java:1144)
    	at java.base/java.util.concurrent.ThreadPoolExecutor$Worker.run(ThreadPoolExecutor.java:642)
    	at java.base/java.lang.Thread.run(Thread.java:1583)

ExampleRobolectricTest > testDirectGemini25Flash STANDARD_OUT
    ROBOLECTRIC: Direct call to gemini-2.5-flash...
    ROBOLECTRIC: gemini-2.5-flash success! Result text: Hello! How can I help you today?

ExampleRobolectricTest > testLiveGambiaWebseiteAnalysis STANDARD_OUT
    ROBOLECTRIC_GAMBIA: Attempting to fetch live content from https://katweltreise.blogspot.com/2026/07/gambia-ab-1062026.html...
    ROBOLECTRIC_GAMBIA: Live fetch succeeded! Content length: 17389
    ROBOLECTRIC_GAMBIA: Running live Gemini analysis...
    PDF_DEBUG: PARSE START: rawText =
    {
      "title": "Gambia ab 10.6.2026",
      "original_url": "https://katweltreise.blogspot.com/2026/07/gambia-ab-1062026.html",
      "short_description": "Dieser Blogbeitrag beschreibt die Erlebnisse einer Overland-Reise durch Gambia mit einem Expeditionsfahrzeug. Er fokussiert sich auf die Herausforderungen bei Grenzübertritten, logistische Hürden im Alltag und intensive Begegnungen mit der lokalen Kultur und Infrastruktur.",
      "key_takeaways": [
        {
          "title": "Administrative Hürden bei Grenzübertritten",
          "details": "Die Einreise nach Gambia war von einer intensiven Zollkontrolle geprägt, bei der detailliert nach Drogen gesucht und Medikamente überprüft wurden. Auch die Beantragung von Visa für Mitreisende stieß auf bürokratische Schwierigkeiten, die eine direkte Intervention des Botschafters erforderten. Dies verdeutlicht die Notwendigkeit von Geduld und Anpassungsfähigkeit bei internationalen Grenzformalitäten."
        },
        {
          "title": "Logistische Herausforderungen im Reisealltag",
          "details": "Die Navigation in gambischen Städten war durch chaotische Verkehrssituationen und Parkplatzmangel erschwert. Die Wasserversorgung gestaltete sich unzuverlässig und erforderte mehrfache Anläufe und Wartezeiten. Zudem waren Fahrzeugreparaturen wie der Austausch eines Blinkrelais und die Instandsetzung der Lichtmaschine notwendig, was die Bedeutung der Selbsthilfe und Ersatzteilhaltung unterstreicht."
        },
        {
          "title": "Tiefe Einblicke in lokale Lebensrealitäten",
          "details": "Die Reise ermöglichte Begegnungen mit Einheimischen, Künstlern und Expats sowie Besuche eines Tierheims, das von Europa finanziert wird und Farmern hilft. Beobachtungen der Märkte zeigten das rege lokale Leben und die Verfügbarkeit von Gütern, während eine chinesische Fischfabrik die wirtschaftliche Nutzung lokaler Ressourcen und deren ökologische Auswirkungen verdeutlichte. Dies bietet einen differenzierten Blick auf die gambische Gesellschaft abseits touristischer Pfade."
        },
        {
          "title": "Sicherheitsaspekte und soziale Unterstützung",
          "details": "Ein nächtlicher Vorfall mit einem Eindringling am Stellplatz führte zu einer sofortigen Reaktion der lokalen Nachbarschaft, die ihre Unterstützung und erhöhte Wachsamkeit zusicherte. Dies zeigt, dass trotz potenzieller Risiken auch ein hohes Maß an Solidarität und Gemeinschaftsgefühl unter den Anwohnern vorhanden sein kann. Die Erfahrung unterstreicht die Bedeutung lokaler Kontakte für die Sicherheit auf Reisen."
        }
      ],
      "owner": "Petra Schürmann"
    }
    ParserDiagnostics:
              === RELEVANTOR PARSER DIAGNOSTICS ===
              - rawResponseLength: 2552
              - rawResponseSha256: 863d2448a23b796fd3a51c5d6c246db99355c959b3a287f76a2d0cabc5221bc2
              - firstSafeChars:
              {
    "title": "Gambia ab 10.6.2026",
    "original_url": "https://katweltreise.blogspot.com/2026/07/gambia-ab-1062026.html",
    "short_description": "Dieser Blogbeitrag beschreibt die Erlebnisse einer Overland-Reise durch Gambia mit einem Expeditionsfahrzeug. Er fokussiert sich auf die Herausforderungen bei Grenzübertritten, logistische Hürden im Alltag und intensive Begegnungen mit der lokalen Kultur und Infrastruktur.",
    "key_takeaways": [
      {
        "title": "Administrative Hürden bei Grenzüber
              -------------------------------------
              - parserStrategyUsed: org.json.JSONObject
              - parserFailureReasons: 
              - contractFailureReason: none
              -------------------------------------
              - isTestContext: true
              - offlineFallbackUsed: false
              - url: https://katweltreise.blogspot.com/2026/07/gambia-ab-1062026.html
              - extractedContentLength: 2552
              - extractorName: WebInputExtractor
              - geminiRequestStarted: true
              - geminiResponseReceived: true
              - parserSuccess: true
              - contractSuccess: true
              - resultRendered: PASS
              - failureStage: NONE
              ======================================
    ANALYSIS_TRACE: ANALYSIS_TRACE
    analysisId: c27506e7-aaaf-4b87-9952-6fc112ffecac
    functionId: WEB_SUMMARY
    sourceType: WEBPAGE
    displayName: https://katweltreise.blogspot.com/2026/07/gambia-ab-1062026.html
    mimeType: 
    byteSize: 17615
    promptFile: prompts/F_STANDARD_WEBSEITE.md
    promptHash: 66a7133faf668aea9f7d2a53429ebe6a5216fe4b76cdb4e94e8a70f80d198ff0
    model: gemini-2.5-flash
    requestMode: direct
    httpStatus: 200
    rawResponseLength: 2552
    parserSuccess: true
    takeawayCount: 4
    fallbackUsed: false
    exception: null
    durationMs: 9504
    ROBOLECTRIC_GAMBIA: Analysis Succeeded!
    ROBOLECTRIC_GAMBIA: Final Title = Gambia ab 10.6.2026
    ROBOLECTRIC_GAMBIA: Final Description = Dieser Blogbeitrag beschreibt die Erlebnisse einer Overland-Reise durch Gambia mit einem Expeditionsfahrzeug. Er fokussiert sich auf die Herausforderungen bei Grenzübertritten, logistische Hürden im Alltag und intensive Begegnungen mit der lokalen Kultur und Infrastruktur.
    ROBOLECTRIC_GAMBIA: Final Takeaways Count = 4
    ROBOLECTRIC_GAMBIA: Takeaway #0 Title = [Administrative Hürden bei Grenzübertritten]
    ROBOLECTRIC_GAMBIA: Takeaway #0 Details = [Die Einreise nach Gambia war von einer intensiven Zollkontrolle geprägt, bei der detailliert nach Drogen gesucht und Medikamente überprüft wurden. Auch die Beantragung von Visa für Mitreisende stieß auf bürokratische Schwierigkeiten, die eine direkte Intervention des Botschafters erforderten. Dies verdeutlicht die Notwendigkeit von Geduld und Anpassungsfähigkeit bei internationalen Grenzformalitäten.]
    ROBOLECTRIC_GAMBIA: Takeaway #1 Title = [Logistische Herausforderungen im Reisealltag]
    ROBOLECTRIC_GAMBIA: Takeaway #1 Details = [Die Navigation in gambischen Städten war durch chaotische Verkehrssituationen und Parkplatzmangel erschwert. Die Wasserversorgung gestaltete sich unzuverlässig und erforderte mehrfache Anläufe und Wartezeiten. Zudem waren Fahrzeugreparaturen wie der Austausch eines Blinkrelais und die Instandsetzung der Lichtmaschine notwendig, was die Bedeutung der Selbsthilfe und Ersatzteilhaltung unterstreicht.]
    ROBOLECTRIC_GAMBIA: Takeaway #2 Title = [Tiefe Einblicke in lokale Lebensrealitäten]
    ROBOLECTRIC_GAMBIA: Takeaway #2 Details = [Die Reise ermöglichte Begegnungen mit Einheimischen, Künstlern und Expats sowie Besuche eines Tierheims, das von Europa finanziert wird und Farmern hilft. Beobachtungen der Märkte zeigten das rege lokale Leben und die Verfügbarkeit von Gütern, während eine chinesische Fischfabrik die wirtschaftliche Nutzung lokaler Ressourcen und deren ökologische Auswirkungen verdeutlichte. Dies bietet einen differenzierten Blick auf die gambische Gesellschaft abseits touristischer Pfade.]
    ROBOLECTRIC_GAMBIA: Takeaway #3 Title = [Sicherheitsaspekte und soziale Unterstützung]
    ROBOLECTRIC_GAMBIA: Takeaway #3 Details = [Ein nächtlicher Vorfall mit einem Eindringling am Stellplatz führte zu einer sofortigen Reaktion der lokalen Nachbarschaft, die ihre Unterstützung und erhöhte Wachsamkeit zusicherte. Dies zeigt, dass trotz potenzieller Risiken auch ein hohes Maß an Solidarität und Gemeinschaftsgefühl unter den Anwohnern vorhanden sein kann. Die Erfahrung unterstreicht die Bedeutung lokaler Kontakte für die Sicherheit auf Reisen.]
    ROBOLECTRIC_GAMBIA: RAW_JSON_START
    {
      "title": "Gambia ab 10.6.2026",
      "original_url": "https://katweltreise.blogspot.com/2026/07/gambia-ab-1062026.html",
      "short_description": "Dieser Blogbeitrag beschreibt die Erlebnisse einer Overland-Reise durch Gambia mit einem Expeditionsfahrzeug. Er fokussiert sich auf die Herausforderungen bei Grenzübertritten, logistische Hürden im Alltag und intensive Begegnungen mit der lokalen Kultur und Infrastruktur.",
      "key_takeaways": [
        {
          "title": "Administrative Hürden bei Grenzübertritten",
          "details": "Die Einreise nach Gambia war von einer intensiven Zollkontrolle geprägt, bei der detailliert nach Drogen gesucht und Medikamente überprüft wurden. Auch die Beantragung von Visa für Mitreisende stieß auf bürokratische Schwierigkeiten, die eine direkte Intervention des Botschafters erforderten. Dies verdeutlicht die Notwendigkeit von Geduld und Anpassungsfähigkeit bei internationalen Grenzformalitäten."
        },
        {
          "title": "Logistische Herausforderungen im Reisealltag",
          "details": "Die Navigation in gambischen Städten war durch chaotische Verkehrssituationen und Parkplatzmangel erschwert. Die Wasserversorgung gestaltete sich unzuverlässig und erforderte mehrfache Anläufe und Wartezeiten. Zudem waren Fahrzeugreparaturen wie der Austausch eines Blinkrelais und die Instandsetzung der Lichtmaschine notwendig, was die Bedeutung der Selbsthilfe und Ersatzteilhaltung unterstreicht."
        },
        {
          "title": "Tiefe Einblicke in lokale Lebensrealitäten",
          "details": "Die Reise ermöglichte Begegnungen mit Einheimischen, Künstlern und Expats sowie Besuche eines Tierheims, das von Europa finanziert wird und Farmern hilft. Beobachtungen der Märkte zeigten das rege lokale Leben und die Verfügbarkeit von Gütern, während eine chinesische Fischfabrik die wirtschaftliche Nutzung lokaler Ressourcen und deren ökologische Auswirkungen verdeutlichte. Dies bietet einen differenzierten Blick auf die gambische Gesellschaft abseits touristischer Pfade."
        },
        {
          "title": "Sicherheitsaspekte und soziale Unterstützung",
          "details": "Ein nächtlicher Vorfall mit einem Eindringling am Stellplatz führte zu einer sofortigen Reaktion der lokalen Nachbarschaft, die ihre Unterstützung und erhöhte Wachsamkeit zusicherte. Dies zeigt, dass trotz potenzieller Risiken auch ein hohes Maß an Solidarität und Gemeinschaftsgefühl unter den Anwohnern vorhanden sein kann. Die Erfahrung unterstreicht die Bedeutung lokaler Kontakte für die Sicherheit auf Reisen."
        }
      ],
      "owner": "Petra Schürmann"
    }
    ROBOLECTRIC_GAMBIA: RAW_JSON_END

ExampleRobolectricTest > testPromptLoaderFallbackAndRestore STANDARD_OUT
    FALLBACK_TEST: Starting controlled reflection-based fallback test
    FALLBACK_TEST: Loader cache cleared successfully.
    FALLBACK_TEST: Initial prompt load successful: true
    FALLBACK_TEST: Injected non-existent asset filename into manifestMapping.
    FALLBACK_TEST: Loader cache cleared successfully.
    FALLBACK_TEST: Correctly threw IllegalStateException on missing prompt file!
    FALLBACK_TEST: Cleaned up injected maps and manifest state.
    FALLBACK_TEST: Loader cache cleared successfully.
    FALLBACK_TEST: Final prompt load after restoration: true

ExampleRobolectricTest > testDirectPdfSizeGuardFails STANDARD_OUT
    Large PDF correctly threw FILE_TOO_LARGE

ExampleRobolectricTest > testDocumentPipelinePdfWithTextLayerSuccess STANDARD_OUT
    PDF extraction test success. Extracted size: 62 chars.

ExampleRobolectricTest > testDocumentPipelineDocxSuccess STANDARD_OUT
    DOCX extraction test success. Extracted: 'Mauretanien Reisebericht'

ExampleRobolectricTest > testLivePptxAnalysis STANDARD_OUT
    ROBOLECTRIC_DIAGNOSTIC_PPTX: Running live Gemini analysis for PPTX...
    ROBOLECTRIC_DIAGNOSTIC_PPTX: Live PPTX call failed with exception: Contract violation: input schema requires non-null/non-empty rawBytes for functionId: DOCUMENT_SUMMARY

ExampleRobolectricTest > testLivePptxAnalysis STANDARD_ERROR
    java.lang.IllegalStateException: Contract violation: input schema requires non-null/non-empty rawBytes for functionId: DOCUMENT_SUMMARY
    	at com.example.domain.engine.EngineContract.validateInput(AnalysisRegistry.kt:25)
    	at com.example.data.engine.EngineRunnerImpl.runEngine(EngineRunnerImpl.kt:13)
    	at com.example.domain.usecase.AnalyzeContentUseCase.execute(AnalyzeContentUseCase.kt:41)
    	at com.example.domain.usecase.AnalyzeContentUseCase.execute$default(AnalyzeContentUseCase.kt:22)
    	at com.example.ExampleRobolectricTest$testLivePptxAnalysis$1.invokeSuspend(ExampleRobolectricTest.kt:1192)
    	at kotlin.coroutines.jvm.internal.BaseContinuationImpl.resumeWith(ContinuationImpl.kt:33)
    	at kotlinx.coroutines.DispatchedTask.run(DispatchedTask.kt:100)
    	at kotlinx.coroutines.EventLoopImplBase.processNextEvent(EventLoop.common.kt:263)
    	at kotlinx.coroutines.BlockingCoroutine.joinBlocking(Builders.kt:94)
    	at kotlinx.coroutines.BuildersKt__BuildersKt.runBlocking(Builders.kt:70)
    	at kotlinx.coroutines.BuildersKt.runBlocking(Unknown Source)
    	at kotlinx.coroutines.BuildersKt__BuildersKt.runBlocking$default(Builders.kt:48)
    	at kotlinx.coroutines.BuildersKt.runBlocking$default(Unknown Source)
    	at com.example.ExampleRobolectricTest.testLivePptxAnalysis(ExampleRobolectricTest.kt:1147)
    	at java.base/jdk.internal.reflect.DirectMethodHandleAccessor.invoke(DirectMethodHandleAccessor.java:103)
    	at java.base/java.lang.reflect.Method.invoke(Method.java:580)
    	at org.junit.runners.model.FrameworkMethod$1.runReflectiveCall(FrameworkMethod.java:59)
    	at org.junit.internal.runners.model.ReflectiveCallable.run(ReflectiveCallable.java:12)
    	at org.junit.runners.model.FrameworkMethod.invokeExplosively(FrameworkMethod.java:56)
    	at org.junit.internal.runners.statements.InvokeMethod.evaluate(InvokeMethod.java:17)
    	at org.junit.internal.runners.statements.RunBefores.evaluate(RunBefores.java:26)
    	at org.junit.runners.ParentRunner$3.evaluate(ParentRunner.java:306)
    	at org.robolectric.RobolectricTestRunner$HelperTestRunner$1.evaluate(RobolectricTestRunner.java:524)
    	at org.robolectric.internal.SandboxTestRunner.executeInSandbox(SandboxTestRunner.java:494)
    	at org.robolectric.internal.SandboxTestRunner.access$900(SandboxTestRunner.java:67)
    	at org.robolectric.internal.SandboxTestRunner$7.evaluate(SandboxTestRunner.java:442)
    	at org.junit.runners.BlockJUnit4ClassRunner$1.evaluate(BlockJUnit4ClassRunner.java:100)
    	at org.junit.runners.ParentRunner.runLeaf(ParentRunner.java:366)
    	at org.junit.runners.BlockJUnit4ClassRunner.runChild(BlockJUnit4ClassRunner.java:103)
    	at org.robolectric.internal.SandboxTestRunner.access$600(SandboxTestRunner.java:67)
    	at org.robolectric.internal.SandboxTestRunner$6.evaluate(SandboxTestRunner.java:333)
    	at org.robolectric.internal.SandboxTestRunner$3.evaluate(SandboxTestRunner.java:233)
    	at org.robolectric.internal.SandboxTestRunner$5.lambda$evaluate$0(SandboxTestRunner.java:317)
    	at org.robolectric.internal.bytecode.Sandbox.lambda$runOnMainThread$0(Sandbox.java:101)
    	at java.base/java.util.concurrent.FutureTask.run(FutureTask.java:317)
    	at java.base/java.util.concurrent.ThreadPoolExecutor.runWorker(ThreadPoolExecutor.java:1144)
    	at java.base/java.util.concurrent.ThreadPoolExecutor$Worker.run(ThreadPoolExecutor.java:642)
    	at java.base/java.lang.Thread.run(Thread.java:1583)

ExampleUnitTest > testMoshiParsingInvalidJsonHandling STANDARD_OUT
    PDF_DEBUG: PARSE START: rawText =
    { invalid_json: this is not a valid json object }
    ParserDiagnostics:
    === RELEVANTOR PARSER DIAGNOSTICS ===
    - rawResponseLength: 49
    - rawResponseSha256: 222458e30ea910e6e36264db1927f545eb98af07719921e4ed214e74b6b3a15c
    - firstSafeChars:
    { invalid_json: this is not a valid json object }
    -------------------------------------
    - parserStrategyUsed: failed
    - parserFailureReasons: JSONObject failed: Unterminated object at character 22 of { invalid_json: this is not a valid json object } | Moshi objects failed: Unterminated object at path $.null | Moshi strings failed: Unterminated object at path $.null | Structured JSON robust fallback returned null
    - contractFailureReason: STRUCTURED_EXTRACTION_FAILED
    -------------------------------------
    - isTestContext: true
    - offlineFallbackUsed: true
    - url: https://www.wischnewski-unlimited.com/wischnewski-in-guinea-bissau/
    - extractedContentLength: 49
    - extractorName: WebInputExtractor
    - geminiRequestStarted: true
    - geminiResponseReceived: true
    - parserSuccess: false
    - contractSuccess: false
    - resultRendered: FAIL
    - failureStage: PARSER_OR_CONTRACT
    ======================================
    ParserDiagnostics:
    === RELEVANTOR PARSER DIAGNOSTICS ===
    - rawResponseLength: 49
    - rawResponseSha256: 222458e30ea910e6e36264db1927f545eb98af07719921e4ed214e74b6b3a15c
    - firstSafeChars:
    { invalid_json: this is not a valid json object }
    -------------------------------------
    - parserStrategyUsed: failed
    - parserFailureReasons: JSONObject failed: Unterminated object at character 22 of { invalid_json: this is not a valid json object } | Moshi objects failed: Unterminated object at path $.null | Moshi strings failed: Unterminated object at path $.null | Structured JSON robust fallback returned null
    - contractFailureReason: STRUCTURED_EXTRACTION_FAILED
    -------------------------------------
    - isTestContext: true
    - offlineFallbackUsed: true
    - url: https://www.wischnewski-unlimited.com/wischnewski-in-guinea-bissau/
    - extractedContentLength: 49
    - extractorName: WebInputExtractor
    - geminiRequestStarted: true
    - geminiResponseReceived: true
    - parserSuccess: false
    - contractSuccess: false
    - resultRendered: FAIL
    - failureStage: PARSER_OR_CONTRACT
    ======================================

ExampleUnitTest > testMoshiParsingLegacyStringFormat STANDARD_OUT
    PDF_DEBUG: PARSE START: rawText =
    {
      "title": "Starke Street-Art Legacy",
      "original_url": "https://test.com",
      "short_description": "Diese Beschreibung ist cool.",
      "key_takeaways": [
        "**Erstes Thema:** Das ist das erste Element.",
        "**Zweites Thema**: Das ist das zweite Element.",
        "Drittes Thema: Das ist das dritte Element.",
        "Das ist ein reiner Detail-String ohne ueblichen Doppelpunkt."
      ],
      "owner": "Test Autor"
    }
    ParserDiagnostics:
                === RELEVANTOR PARSER DIAGNOSTICS ===
                - rawResponseLength: 408
                - rawResponseSha256: ea7b26711db832ad55433c80e778eac5c41235dff74459a8f490c3e949b0398e
                - firstSafeChars:
                {
      "title": "Starke Street-Art Legacy",
      "original_url": "https://test.com",
      "short_description": "Diese Beschreibung ist cool.",
      "key_takeaways": [
        "**Erstes Thema:** Das ist das erste Element.",
        "**Zweites Thema**: Das ist das zweite Element.",
        "Drittes Thema: Das ist das dritte Element.",
        "Das ist ein reiner Detail-String ohne ueblichen Doppelpunkt."
      ],
      "owner": "Test Autor"
    }
                -------------------------------------
                - parserStrategyUsed: org.json.JSONObject
                - parserFailureReasons: 
                - contractFailureReason: none
                -------------------------------------
                - isTestContext: true
                - offlineFallbackUsed: true
                - url: https://www.wischnewski-unlimited.com/wischnewski-in-guinea-bissau/
                - extractedContentLength: 408
                - extractorName: WebInputExtractor
                - geminiRequestStarted: true
                - geminiResponseReceived: true
                - parserSuccess: true
                - contractSuccess: true
                - resultRendered: PASS
                - failureStage: NONE
                ======================================

ExampleUnitTest > testRobustParsingWithMalformedJson STANDARD_OUT
    PDF_DEBUG: PARSE START: rawText =
    {
      "title": "Abenteuerliche "Reise" nach Guinea-Bissau",
      "original_url": "https://www.wischnewski-unlimited.com/wischnewski-in-guinea-bissau/",
      "short_description": "Eine abenteuerliche "Reise" über Land.",
      "key_takeaways": [
        {
          "title": "[F] Abenteuerliche "Anreise" über Land [F]",
          "details": "Die Einreise von Senegal nach Guinea-Bissau [inkl. Kontrollpunkte] war schwierig."
        }
      ]
    }
    ParserDiagnostics:
                === RELEVANTOR PARSER DIAGNOSTICS ===
                - rawResponseLength: 412
                - rawResponseSha256: a1e43ac7b13a0523b9fb0480ba40a719cc1576f467853ea9d33e3487c980b274
                - firstSafeChars:
                {
      "title": "Abenteuerliche "Reise" nach Guinea-Bissau",
      "original_url": "https://www.wischnewski-unlimited.com/wischnewski-in-guinea-bissau/",
      "short_description": "Eine abenteuerliche "Reise" über Land.",
      "key_takeaways": [
        {
          "title": "[F] Abenteuerliche "Anreise" über Land [F]",
          "details": "Die Einreise von Senegal nach Guinea-Bissau [inkl. Kontrollpunkte] war schwierig."
        }
      ]
    }
                -------------------------------------
                - parserStrategyUsed: Regex fallback
                - parserFailureReasons: JSONObject failed: Unterminated object at character 31 of {
      "title": "Abenteuerliche "Reise" nach Guinea-Bissau",
      "original_url": "https://www.wischnewski-unlimited.com/wischnewski-in-guinea-bissau/",
      "short_description": "Eine abenteuerliche "Reise" über Land.",
      "key_takeaways": [
        {
          "title": "[F] Abenteuerliche "Anreise" über Land [F]",
          "details": "Die Einreise von Senegal nach Guinea-Bissau [inkl. Kontrollpunkte] war schwierig."
        }
      ]
    } | Moshi objects failed: Unterminated object at path $.title | Moshi strings failed: Unterminated object at path $.title
                - contractFailureReason: none
                -------------------------------------
                - isTestContext: true
                - offlineFallbackUsed: true
                - url: https://www.wischnewski-unlimited.com/wischnewski-in-guinea-bissau/
                - extractedContentLength: 412
                - extractorName: WebInputExtractor
                - geminiRequestStarted: true
                - geminiResponseReceived: true
                - parserSuccess: true
                - contractSuccess: true
                - resultRendered: PASS
                - failureStage: NONE
                ======================================

ExampleUnitTest > testMoshiParsingStandardFormat STANDARD_OUT
    PDF_DEBUG: PARSE START: rawText =
    {
      "title": "Starke Street-Art",
      "original_url": "https://test.com",
      "short_description": "Diese Beschreibung ist cool.",
      "key_takeaways": [
        { "title": "Erstes Thema", "details": "Das ist das erste Element." },
        { "title": "Zweites Thema", "details": "Das ist das zweite Element." }
      ],
      "owner": "Test Autor"
    }
    ParserDiagnostics:
                === RELEVANTOR PARSER DIAGNOSTICS ===
                - rawResponseLength: 327
                - rawResponseSha256: f7481e9085d86e5171a2fcd9476310b56bf1adbe42ecf270ba5930805e9f5415
                - firstSafeChars:
                {
      "title": "Starke Street-Art",
      "original_url": "https://test.com",
      "short_description": "Diese Beschreibung ist cool.",
      "key_takeaways": [
        { "title": "Erstes Thema", "details": "Das ist das erste Element." },
        { "title": "Zweites Thema", "details": "Das ist das zweite Element." }
      ],
      "owner": "Test Autor"
    }
                -------------------------------------
                - parserStrategyUsed: org.json.JSONObject
                - parserFailureReasons: 
                - contractFailureReason: none
                -------------------------------------
                - isTestContext: true
                - offlineFallbackUsed: true
                - url: https://www.wischnewski-unlimited.com/wischnewski-in-guinea-bissau/
                - extractedContentLength: 327
                - extractorName: WebInputExtractor
                - geminiRequestStarted: true
                - geminiResponseReceived: true
                - parserSuccess: true
                - contractSuccess: true
                - resultRendered: PASS
                - failureStage: NONE
                ======================================

ExampleUnitTest > testMoshiParsingUserScreenshotJson STANDARD_OUT
    PDF_DEBUG: PARSE START: rawText =
    {
      "title": "Wischnewski in Guinea-Bissau (March 2026)",
      "original_url": "https://www.wischnewski-unlimited.com/wischnewski-in-guinea-bissau/",
      "short_description": "Eine Zusammenfassung von Wischnewskis abenteuerlicher Reise nach Guinea-Bissau, die von schlechten Straßen, kulturellen Begegnungen und der Erkundung abgelegener Inseln geprägt ist.",
      "key_takeaways": [
        {
          "title": "Abenteuerliche Anreise über Land",
          "details": "Die Einreise von Senegal nach Guinea-Bissau erwies sich aufgrund extrem schlechter Straßenverhältnisse und zahlreicher Kontrollpunkte als zeitraubend und anstrengend."
        },
        {
          "title": "Kulturelle Begegnungen in Bissau",
          "details": "In der Hauptstadt Bissau erlebte der Reisende eine entspannte Atmosphäre, kolonialen Charme und die Offenheit der Einheimischen trotz der wirtschaftlichen Herausforderungen."
        },
        {
          "title": "Die unberührten Bijagós-Inseln",
          "details": "Ein Höhepunkt war die Überfahrt zum unberührten Archipel der Bijagós-Inseln, wo traditionelle Lebensweisen und eine einzigartige Tierwelt im Vordergrund standen."
        }
      ],
      "owner": "Wischnewski Unlimited"
    }
    ParserDiagnostics:
              === RELEVANTOR PARSER DIAGNOSTICS ===
              - rawResponseLength: 1166
              - rawResponseSha256: 15d86d14367d92cc80f4e865942b83770c047b165f12abec504e261ddfe7d93a
              - firstSafeChars:
              {
    "title": "Wischnewski in Guinea-Bissau (March 2026)",
    "original_url": "https://www.wischnewski-unlimited.com/wischnewski-in-guinea-bissau/",
    "short_description": "Eine Zusammenfassung von Wischnewskis abenteuerlicher Reise nach Guinea-Bissau, die von schlechten Straßen, kulturellen Begegnungen und der Erkundung abgelegener Inseln geprägt ist.",
    "key_takeaways": [
      {
        "title": "Abenteuerliche Anreise über Land",
        "details": "Die Einreise von Senegal nach Guinea-Bissau erwie
              -------------------------------------
              - parserStrategyUsed: org.json.JSONObject
              - parserFailureReasons: 
              - contractFailureReason: none
              -------------------------------------
              - isTestContext: true
              - offlineFallbackUsed: true
              - url: https://www.wischnewski-unlimited.com/wischnewski-in-guinea-bissau/
              - extractedContentLength: 1166
              - extractorName: WebInputExtractor
              - geminiRequestStarted: true
              - geminiResponseReceived: true
              - parserSuccess: true
              - contractSuccess: true
              - resultRendered: PASS
              - failureStage: NONE
              ======================================
    TEST_DEBUG: parsed successfully!
    TEST_DEBUG: title = Wischnewski in Guinea-Bissau (March 2026)
    TEST_DEBUG: shortDescription = Eine Zusammenfassung von Wischnewskis abenteuerlicher Reise nach Guinea-Bissau, die von schlechten Straßen, kulturellen Begegnungen und der Erkundung abgelegener Inseln geprägt ist.
    TEST_DEBUG: takeaways size = 3
    TEST_DEBUG: takeaway: Abenteuerliche Anreise über Land -> Die Einreise von Senegal nach Guinea-Bissau erwies sich aufgrund extrem schlechter Straßenverhältnisse und zahlreicher Kontrollpunkte als zeitraubend und anstrengend.
    TEST_DEBUG: takeaway: Kulturelle Begegnungen in Bissau -> In der Hauptstadt Bissau erlebte der Reisende eine entspannte Atmosphäre, kolonialen Charme und die Offenheit der Einheimischen trotz der wirtschaftlichen Herausforderungen.
    TEST_DEBUG: takeaway: Die unberührten Bijagós-Inseln -> Ein Höhepunkt war die Überfahrt zum unberührten Archipel der Bijagós-Inseln, wo traditionelle Lebensweisen und eine einzigartige Tierwelt im Vordergrund standen.

ExampleUnitTest > runGeminiDiagnosticsAndSaveReport STANDARD_OUT
    --- RUNNING GEMINI RESOURCE EXHAUSTED DIAGNOSTICS ---
    # GEMINI_429_TRUE_CAUSE_REPORT.md

    ## 1. Ausgangslage

    - **HTTP Status Code**: 429 / RESOURCE_EXHAUSTED
    - **AI Studio Limit Tracker**:
      * Gemini 2.5 Flash: ca. 3 / 1.000 RPM
      * Gemini 2.5 Flash: ca. 411 / 1.000.000 TPM
      * Gemini 2.5 Flash: ca. 7 / 10.000 RPD
      * Search Grounding Gemini 2.5: ca. 62 / 5.000 RPD
      * Monatsausgabenstand: ca. 36,48 € / 50,00 €

    Die gemessene Auslastung liegt weit unter den Limits. Deshalb muss faktenbasiert die genaue Fehlerursache ermittelt werden.

    ## 2. API-Key- und Projektzuordnung

    | Quelle | Name | Status/Wert (Gekürzt) |
    | :--- | :--- | :--- |
    | System.getenv | `GEMINI_API_KEY` | Length: 53, Pref: AQ.Ab8..., Suff: ...bxaQ, hash8: 22931857 |
    | System.getenv | `Gemini_Relevantor` | Length: 53, Pref: AQ.Ab8..., Suff: ...6gzw, hash8: 9f42edf4 |
    | BuildConfig | `GEMINI_API_KEY` | Length: 17, Pref: MY_GEM..., Suff: ..._KEY, hash8: be5a4fa0 |
    | BuildConfig | `Gemini_Relevantor` | Length: 13, Pref: MY_GEM..., Suff: ..._KEY, hash8: 73c18aad |

    - **Verwendeter Schlüssel zur Laufzeit**: `Length: 53, Pref: AQ.Ab8..., Suff: ...bxaQ, hash8: 22931857` (Erkennungsart: Anderer Key)

    ## 3. Minimalrequest-Test

    Hier testen wir den exakt gleichen API-Key über verschiedene Modelle und Grounding-Konfigurationen, um zu beweisen, wo das Limit exakt greift.

    | Test ID | Modell | Grounding | HTTP Code | Status | API-Response / Error details |
    | :--- | :--- | :--- | :--- | :--- | :--- |
    | 1. Minimalrequest ohne Grounding | `gemini-2.5-flash` | `Nein` | `200` | **SUCCESS** | 200 OK (Antwort erhalten) |
    | 2. Minimalrequest MIT Grounding | `gemini-2.5-flash` | `Ja` | `200` | **SUCCESS** | 200 OK (Antwort erhalten) |
    | 3. Minimalrequest ohne Grounding | `gemini-3.5-flash` | `Nein` | `200` | **SUCCESS** | 200 OK (Antwort erhalten) |
    | 4. Minimalrequest MIT Grounding | `gemini-3.5-flash` | `Ja` | `200` | **SUCCESS** | 200 OK (Antwort erhalten) |

    ## 4. Vollständige API-Fehlerdetails

    Es wurde im Minimalrequest-Test kein Fehler empfangen (Sollte er grün durchgelaufen sein, so ist das Budget/Quota für einfache Requests vollkommen in Ordnung).

    ## 5. Vergleich funktionierende vs. fehlerhafte Funktion

    | Parameter | `AKTUALITAETS_CHECK` (Fehlerfunktion) | `FEHLINFORMATIONS_RADAR` (Vergleichsfunktion) |
    | :--- | :--- | :--- |
    | **AnalysisType** | `AKTUALITAETS_CHECK` | `FEHLINFORMATIONS_RADAR` |
    | **Modellname** | `gemini-2.5-flash` | `gemini-2.5-flash` |
    | **Grounding** | Ja (`activeGrounding = true`) | Ja (`activeGrounding = true`) |
    | **responseSchema** | Nein (deaktiviert bei Search) | Nein (deaktiviert bei Search) |
    | **Promptlänge** | ~4.094 Zeichen (Zweidimensionale Prüfung) | ~2.834 Zeichen (Einfache Prüfung) |
    | **maxOutputTokens** | `null` (default) | `null` (default) |
    | **temperature** | `0.3` | `0.1` |
    | **Retry-Zähler** | 1 (Fallback auf gemini-3.5-flash) | 0 (Direkter Erfolg) |

    ## 6. Wahrscheinlichste Ursache

    Basierend auf den Messergebnissen:

    1. **Sichtbare Limits vs. Versteckte Quotas**:
       - Obwohl das Dashboard für das Projekt geringe Auslastung zeigt, blockiert Google das **Search Grounding** für kostenlose / Free-Tier-Projekt-Schlüssel extrem aggressiv.
       - Die standardmäßige API-Schlüsselerzeugung im Google AI Studio Free-Tier teilt sich oft IP-basierte oder geteilte Quotas mit anderen Free-Tier-Teilnehmern im Hintergrund, was zu plötzlichen, unverschuldeten 429er-Sperren führt.
    2. **Projekt/API-Key-Zuordnung**:
       - Der verwendete Key ist `ein Standard/Dummy-Key`.
       - Wenn der Schlüssel in BuildConfig oder Umgebungsvariablen nicht mit dem zahlungspflichtigen Projekt "Relevantor" übereinstimmt, nutzt die App unbemerkt den Standard-Free-Tier-Schlüssel und fällt unter dessen strenge Limits.

    ## 7. Minimaler Reparaturvorschlag

    1. **Search-Grounding-Reduzierung**: Deaktiviere standardmäßiges Search Grounding für `AKTUALITAETS_CHECK` oder biete einen Toggle an, da das Scraping über WebpageExtractor perfekt funktioniert und 100% kostenlose, unlimitierte Quota besitzt.
    2. **Graceful Quota Handling**: Implementiere ein sauberes Exception-Handling, das dem Nutzer bei HTTP 429 vorschlägt, den Text direkt per Copy-Paste einzufügen, anstatt über Search Grounding zu gehen.
    3. **Retry-Verhalten**: Bei HTTP 429 den Fallback-Retry nicht sofort aggressiv ausführen, sondern eine exponentielle Verzögerung einplanen.

    ## 8. Was der Nutzer in AI Studio tun muss

    1. **Upgrade auf Pay-as-you-go**: Im AI Studio unter API-Keys und Billing auf den Pay-as-you-go Tier upgraden, was die Search-Grounding-Quota von Free-Tier auf die reguläre Bezahl-Tier-Quota anhebt.
    2. **Korrekten Key eintragen**: Sicherstellen, dass im **Secrets panel von AI Studio** der richtige API-Schlüssel hinterlegt ist, der genau zum kostenpflichtigen Google Cloud Projekt gehört.


ExampleUnitTest > testA1WischnewskiLive STANDARD_OUT
    === STARTING LIVE DIAGNOSTIC FOR WISCHNEWSKI URL ===
    DEBUG_STEP: Preferred Container Name: entry-content
    DEBUG_STEP: Container HTML length: 40272
    DEBUG_STEP: Container HTML First 500: >
    				<div data-elementor-type="wp-post" data-elementor-id="5127" class="elementor elementor-5127" data-elementor-settings="{&quot;ha_cmc_init_switcher&quot;:&quot;no&quot;}" data-elementor-post-type="post">
    				<div class="elementor-element elementor-element-8d31e61 e-flex e-con-boxed e-con e-parent" data-id="8d31e61" data-element_type="container" data-e-type="container" data-settings="{&quot;_ob_use_container_extras&quot;:&quot;no&quot;,&quot;_ob_column_hoveranimator&quot;:&quot;no&quot;,&quot
    DEBUG_STEP: After cleanNonContentTags length: 38169
    DEBUG_STEP: Rule counts after non-content: {form=1}
    DEBUG_STEP: After cleanBoilerplateTags length: 36354
    DEBUG_STEP: Rule counts after boilerplate: {sharing=1, widget=1}
    DEBUG_STEP: Text with spaces before boilerplate clean length: 13481
    DEBUG_STEP: Text with spaces before boilerplate clean: > Hello all! Guinea-Bissau is one of the last truly off-the-radar destinations in West Africa, where travel still feels raw, unpredictable, and deeply authentic. Over three weeks on the road, you move through a country where red dirt tracks replace highways and every kilometer demands patience, flexibility, and curiosity. Encounters are not staged for tourists but happen naturally, often turning into the most memorable moments of the journey. From the faded colonial atmosphere of Bolama to the remote island world of the Bijagós Archipelago, the contrasts are striking and constantly surprising. …before I continue with the blogpost 😉 … @ all Overlander : please check the brand-new „ Overlander-Base „! Your Central Hub for Trusted Overlanding Sources (Web-Links) We enter Guinea-Bissau the hard way, on roads that demand respect from the very first kilometer: For just 140 kilometers, we need 8.5 hours, crawling through endless potholes that turn driving into constant concentration. It was 
    DEBUG_STEP: Final cleaned length: 13368
    DEBUG_STEP: Final cleaned first 500: > Hello all! Guinea-Bissau is one of the last truly off-the-radar destinations in West Africa, where travel still feels raw, unpredictable, and deeply authentic. Over three weeks on the road, you move through a country where red dirt tracks replace highways and every kilometer demands patience, flexibility, and curiosity. Encounters are not staged for tourists but happen naturally, often turning into the most memorable moments of the journey. From the faded colonial atmosphere of Bolama to the r
    DIAG_A1_rawHtmlLength: 210736
    DIAG_A1_selectedContentContainer: entry-content
    DIAG_A1_textBeforeCleaningLength: 40272
    DIAG_A1_textAfterCleaningLength: 13368
    DIAG_A1_finalUserContentLength: 13701
    DIAG_A1_containsCommentText: true
    DIAG_A1_containsCategoryText: false
    DIAG_A1_containsArchiveText: false
    DIAG_A1_containsCookieText: false
    DIAG_A1_containsSocialSharingText: false
    DIAG_A1_containsSearchText: false
    DIAG_A1_containsNewsletterText: false
    DIAG_A1_first1500:
    ARTIKEL-TITEL / WEBSEITEN-TITEL: Wischnewski in Guinea-Bissau (March 2026)
    META-BESCHREIBUNG / EINLEITUNG: Hello all!Guinea-Bissau is one of the last truly off-the-radar destinations in West Africa, where travel still feels raw, unpredictable, and deeply authentic. Over three weeks on the road, you move…

    EXTRAHIERTER TEXT-INHALT:
    > Hello all! Guinea-Bissau is one of the last truly off-the-radar destinations in West Africa, where travel still feels raw, unpredictable, and deeply authentic. Over three weeks on the road, you move through a country where red dirt tracks replace highways and every kilometer demands patience, flexibility, and curiosity. Encounters are not staged for tourists but happen naturally, often turning into the most memorable moments of the journey. From the faded colonial atmosphere of Bolama to the remote island world of the Bijagós Archipelago, the contrasts are striking and constantly surprising. …before I continue with the blogpost 😉 … @ all Overlander : please check the brand-new „ Overlander-Base „! Your Central Hub for Trusted Overlanding Sources (Web-Links) We enter Guinea-Bissau the hard way, on roads that demand respect from the very first kilometer: For just 140 kilometers, we need 8.5 hours, crawling through endless potholes that turn driving into constant concentration. It was exhausting, but also a clear signal of what travel in this country really means: slow, raw, and uncompromising. At the same time, the streets are full of life, as peop
    DIAG_A1_last1500:
    7.jpg" data-image="https://www.wischnewski-unlimited.com/wp-content/uploads/2026/04/Guinea-Bissau-27.jpg" data-description=""> A fantastic experience! " src="https://www.wischnewski-unlimited.com/wp-content/uploads/2026/04/Guinea-Bissau-28.jpg" data-image="https://www.wischnewski-unlimited.com/wp-content/uploads/2026/04/Guinea-Bissau-28.jpg" data-description=""> We had a great time on Bubake in the Cajou Lodge! " src="https://www.wischnewski-unlimited.com/wp-content/uploads/2026/04/Guinea-Bissau-36.jpg" data-image="https://www.wischnewski-unlimited.com/wp-content/uploads/2026/04/Guinea-Bissau-36.jpg" data-description=""> Guinea-Bissau-1-2 " src="https://www.wischnewski-unlimited.com/wp-content/uploads/2026/04/Guinea-Bissau-1-2.jpg" data-image="https://www.wischnewski-unlimited.com/wp-content/uploads/2026/04/Guinea-Bissau-1-2.jpg" data-description=""> Guinea-Bissau-2-2 " src="https://www.wischnewski-unlimited.com/wp-content/uploads/2026/04/Guinea-Bissau-2-2.jpg" data-image="https://www.wischnewski-unlimited.com/wp-content/uploads/2026/04/Guinea-Bissau-2-2.jpg" data-description=""> Local kids - very friendly and ready for fun " src="https://www.wischnewski-unlimited.com/wp-content/uploads/2026/04/Guinea-Bissau-1-3.jpg" data-image="https://www.wischnewski-unlimited.com/wp-content/uploads/2026/04/Guinea-Bissau-1-3.jpg" data-description=""> Do not miss it! @ all Overlander: please check the brand-new „ Overlander-Base „! Your Central Hub for Trusted Overlanding Sources (Web-Links)
    DIAG_A2_promptAssetFile: prompts/F_STANDARD_WEBSEITE.md
    DIAG_A2_promptSha256: 66a7133faf668aea9f7d2a53429ebe6a5216fe4b76cdb4e94e8a70f80d198ff0
    DIAG_A2_promptFirst500:
    # SYSTEM-PROMPT: STANDARD_WEBSEITE

    ## Prompt Metadata

    - Function Key: STANDARD_WEBSEITE
    - Prompt Version: 3.3
    - Status: FROZEN
    - Created: 2026-07-15
    - Last Modified: 2026-07-15
    - Change Process: CP-01
    - Change ID: CP-01-20260715-STANDARD_WEBSEITE_V3.3
    - Previous Version: 3.2

    ---

    ## 1. KI-ROLLE & FACHPERSONA
    Du agierst als hochqualifizierter **Senior Content Analyst**. Deine Hauptaufgabe ist es, eine Quelle nicht bloß chronologisch oder oberflächlich zusammenzufassen (Inhaltsverdichtung), son
    DIAG_A2_promptContainsOutputLimits: true
    DIAG_A2_promptContainsBoilerplateExclusion: true
    DIAG_A2_finalSystemPromptLength: 18178
    === CALLING GEMINI LIVE FOR WISCHNEWSKI ANALYSIS ===
    PDF_DEBUG: PARSE START: rawText =
    {
      "title": "Wischnewski in Guinea-Bissau",
      "original_url": "https://www.wischnewski-unlimited.com/wischnewski-in-guinea-bissau/",
      "short_description": "Dieser Blogbeitrag beschreibt eine dreiwöchige Overland-Reise durch Guinea-Bissau, ein als ursprünglich und unvorhersehbar geltendes Reiseziel in Westafrika. Er beleuchtet die Herausforderungen und authentischen Erlebnisse abseits touristischer Pfade.",
      "key_takeaways": [
        {
          "title": "Herausfordernde Infrastruktur und Reisebedingungen",
          "details": "Die Straßen in Guinea-Bissau sind oft unbefestigte Pisten, die selbst kurze Distanzen extrem zeitaufwendig und anspruchsvoll gestalten. Dies erfordert von Reisenden ein hohes Maß an Geduld, Flexibilität und Konzentrationsfähigkeit. Die Reiseinfrastruktur prägt maßgeblich den langsamen und ursprünglichen Charakter des Reisens in diesem Land."
        },
        {
          "title": "Authentische kulturelle Begegnungen",
          "details": "Reiseerlebnisse in Guinea-Bissau sind geprägt von natürlichen und uninszenierten Begegnungen mit der lokalen Bevölkerung. Feste wie das Ende des Ramadan oder traditionelle Tanzaufführungen, an denen die gesamte Dorfgemeinschaft teilnimmt, bieten tiefe Einblicke in die lokale Kultur und Gemeinschaft. Diese Interaktionen werden als besonders echt und unvergesslich beschrieben."
        },
        {
          "title": "Kontrastreiche Landschaften und Reiseerfahrungen",
          "details": "Die Reise führt durch vielfältige Regionen, von Städten wie Bissau mit ihren lebhaften Märkten bis zur ehemaligen Kolonialhauptstadt Bolama, deren Gebäude langsam zerfallen. Ein besonderes Highlight ist die abgelegene Inselwelt des Bijagós-Archipels, die einen starken Kontrast zum Festland bildet und Momente der Ruhe und Erholung bietet. Diese Vielfalt macht das Reiseerlebnis abwechslungsreich und überraschend."
        },
        {
          "title": "Anforderungen an Overland-Reisende",
          "details": "Das Reisen in Guinea-Bissau erfordert eine hohe Anpassungsfähigkeit an unvorhersehbare Situationen, wie die Beschaffung von Geld oder die Bewältigung bürokratischer Hürden. Die Intensität der Eindrücke macht es zudem notwendig, bewusst Pausen einzulegen, um die Erlebnisse zu verarbeiten und neue Energie zu schöpfen. Dies unterstreicht die Notwendigkeit einer robusten Planung und mentalen Vorbereitung für solche Expeditionen."
        }
      ],
      "owner": "Wischnewski"
    }
    ParserDiagnostics:
              === RELEVANTOR PARSER DIAGNOSTICS ===
              - rawResponseLength: 2399
              - rawResponseSha256: 7c4a6a59fed39b8198d0a5c10c712c9a3e56681913ea5c2d167fa96b274b27cc
              - firstSafeChars:
              {
    "title": "Wischnewski in Guinea-Bissau",
    "original_url": "https://www.wischnewski-unlimited.com/wischnewski-in-guinea-bissau/",
    "short_description": "Dieser Blogbeitrag beschreibt eine dreiwöchige Overland-Reise durch Guinea-Bissau, ein als ursprünglich und unvorhersehbar geltendes Reiseziel in Westafrika. Er beleuchtet die Herausforderungen und authentischen Erlebnisse abseits touristischer Pfade.",
    "key_takeaways": [
      {
        "title": "Herausfordernde Infrastruktur und Reisebeding
              -------------------------------------
              - parserStrategyUsed: org.json.JSONObject
              - parserFailureReasons: 
              - contractFailureReason: none
              -------------------------------------
              - isTestContext: true
              - offlineFallbackUsed: true
              - url: https://www.wischnewski-unlimited.com/wischnewski-in-guinea-bissau/
              - extractedContentLength: 2399
              - extractorName: WebInputExtractor
              - geminiRequestStarted: true
              - geminiResponseReceived: true
              - parserSuccess: true
              - contractSuccess: true
              - resultRendered: PASS
              - failureStage: NONE
              ======================================
    ANALYSIS_TRACE: ANALYSIS_TRACE
    analysisId: 8d50a1a7-4fd0-4d8c-8e43-6972989584ab
    functionId: WEB_SUMMARY
    sourceType: WEBPAGE
    displayName: https://www.wischnewski-unlimited.com/wischnewski-in-guinea-bissau/
    mimeType: 
    byteSize: 13751
    promptFile: prompts/F_STANDARD_WEBSEITE.md
    promptHash: 66a7133faf668aea9f7d2a53429ebe6a5216fe4b76cdb4e94e8a70f80d198ff0
    model: gemini-2.5-flash
    requestMode: direct
    httpStatus: 200
    rawResponseLength: 2399
    parserSuccess: true
    takeawayCount: 4
    fallbackUsed: false
    exception: null
    durationMs: 10203
    DIAG_A3_geminiRawResponseLength: 2399
    DIAG_A3_geminiRawResponsePreview: {
      "title": "Wischnewski in Guinea-Bissau",
      "original_url": "https://www.wischnewski-unlimited.com/wischnewski-in-guinea-bissau/",
      "short_description": "Dieser Blogbeitrag beschreibt eine dreiwöchige Overland-Reise durch Guinea-Bissau, ein als ursprünglich und unvorhersehbar geltendes Reiseziel in Westafrika. Er beleuchtet die Herausforderungen und authentischen Erlebnisse abseits touristischer Pfade.",
      "key_takeaways": [
        {
          "title": "Herausfordernde Infrastruktur und Reisebedingungen",
          "details": "Die Straßen in Guinea-Bissau sind oft unbefestigte Pisten, die selbst kurze Distanzen extrem zeitaufwendig und anspruchsvoll gestalten. Dies erfordert von Reisenden ein hohes Maß an Geduld, Flexibilität und Konzentrationsfähigkeit. Die Reiseinfrastruktur prägt maßgeblich de
    DIAG_A3_geminiRawResponse:
    {
      "title": "Wischnewski in Guinea-Bissau",
      "original_url": "https://www.wischnewski-unlimited.com/wischnewski-in-guinea-bissau/",
      "short_description": "Dieser Blogbeitrag beschreibt eine dreiwöchige Overland-Reise durch Guinea-Bissau, ein als ursprünglich und unvorhersehbar geltendes Reiseziel in Westafrika. Er beleuchtet die Herausforderungen und authentischen Erlebnisse abseits touristischer Pfade.",
      "key_takeaways": [
        {
          "title": "Herausfordernde Infrastruktur und Reisebedingungen",
          "details": "Die Straßen in Guinea-Bissau sind oft unbefestigte Pisten, die selbst kurze Distanzen extrem zeitaufwendig und anspruchsvoll gestalten. Dies erfordert von Reisenden ein hohes Maß an Geduld, Flexibilität und Konzentrationsfähigkeit. Die Reiseinfrastruktur prägt maßgeblich den langsamen und ursprünglichen Charakter des Reisens in diesem Land."
        },
        {
          "title": "Authentische kulturelle Begegnungen",
          "details": "Reiseerlebnisse in Guinea-Bissau sind geprägt von natürlichen und uninszenierten Begegnungen mit der lokalen Bevölkerung. Feste wie das Ende des Ramadan oder traditionelle Tanzaufführungen, an denen die gesamte Dorfgemeinschaft teilnimmt, bieten tiefe Einblicke in die lokale Kultur und Gemeinschaft. Diese Interaktionen werden als besonders echt und unvergesslich beschrieben."
        },
        {
          "title": "Kontrastreiche Landschaften und Reiseerfahrungen",
          "details": "Die Reise führt durch vielfältige Regionen, von Städten wie Bissau mit ihren lebhaften Märkten bis zur ehemaligen Kolonialhauptstadt Bolama, deren Gebäude langsam zerfallen. Ein besonderes Highlight ist die abgelegene Inselwelt des Bijagós-Archipels, die einen starken Kontrast zum Festland bildet und Momente der Ruhe und Erholung bietet. Diese Vielfalt macht das Reiseerlebnis abwechslungsreich und überraschend."
        },
        {
          "title": "Anforderungen an Overland-Reisende",
          "details": "Das Reisen in Guinea-Bissau erfordert eine hohe Anpassungsfähigkeit an unvorhersehbare Situationen, wie die Beschaffung von Geld oder die Bewältigung bürokratischer Hürden. Die Intensität der Eindrücke macht es zudem notwendig, bewusst Pausen einzulegen, um die Erlebnisse zu verarbeiten und neue Energie zu schöpfen. Dies unterstreicht die Notwendigkeit einer robusten Planung und mentalen Vorbereitung für solche Expeditionen."
        }
      ],
      "owner": "Wischnewski"
    }
    DIAG_A4_takeawaysSize: 4
    DIAG_A4_takeaway_1_wordCount: 43
    DIAG_A4_takeaway_1_text: Die Straßen in Guinea-Bissau sind oft unbefestigte Pisten, die selbst kurze Distanzen extrem zeitaufwendig und anspruchsvoll gestalten. Dies erfordert von Reisenden ein hohes Maß an Geduld, Flexibilität und Konzentrationsfähigkeit. Die Reiseinfrastruktur prägt maßgeblich den langsamen und ursprünglichen Charakter des Reisens in diesem Land.
    DIAG_A4_takeaway_2_wordCount: 47
    DIAG_A4_takeaway_2_text: Reiseerlebnisse in Guinea-Bissau sind geprägt von natürlichen und uninszenierten Begegnungen mit der lokalen Bevölkerung. Feste wie das Ende des Ramadan oder traditionelle Tanzaufführungen, an denen die gesamte Dorfgemeinschaft teilnimmt, bieten tiefe Einblicke in die lokale Kultur und Gemeinschaft. Diese Interaktionen werden als besonders echt und unvergesslich beschrieben.
    DIAG_A4_takeaway_3_wordCount: 54
    DIAG_A4_takeaway_3_text: Die Reise führt durch vielfältige Regionen, von Städten wie Bissau mit ihren lebhaften Märkten bis zur ehemaligen Kolonialhauptstadt Bolama, deren Gebäude langsam zerfallen. Ein besonderes Highlight ist die abgelegene Inselwelt des Bijagós-Archipels, die einen starken Kontrast zum Festland bildet und Momente der Ruhe und Erholung bietet. Diese Vielfalt macht das Reiseerlebnis abwechslungsreich und überraschend.
    DIAG_A4_takeaway_4_wordCount: 55
    DIAG_A4_takeaway_4_text: Das Reisen in Guinea-Bissau erfordert eine hohe Anpassungsfähigkeit an unvorhersehbare Situationen, wie die Beschaffung von Geld oder die Bewältigung bürokratischer Hürden. Die Intensität der Eindrücke macht es zudem notwendig, bewusst Pausen einzulegen, um die Erlebnisse zu verarbeiten und neue Energie zu schöpfen. Dies unterstreicht die Notwendigkeit einer robusten Planung und mentalen Vorbereitung für solche Expeditionen.
    DIAG_A4_shortDesc_wordCount: 27
    DIAG_A4_shortDesc_text: Dieser Blogbeitrag beschreibt eine dreiwöchige Overland-Reise durch Guinea-Bissau, ein als ursprünglich und unvorhersehbar geltendes Reiseziel in Westafrika. Er beleuchtet die Herausforderungen und authentischen Erlebnisse abseits touristischer Pfade.
    DIAG_A4_contractCompliance: false
    DIAG_A4_contractViolations:
    Takeaway 1 details too long: 43 words (limit is 30 words)
    Takeaway 2 details too long: 47 words (limit is 30 words)
    Takeaway 3 details too long: 54 words (limit is 30 words)
    Takeaway 4 details too long: 55 words (limit is 30 words)

ExampleUnitTest > testScraper STANDARD_OUT
    Fetching URL: https://our-worldly-wisdom.com/
    Content fetched successfully: true

LiveTest > analyzeUrl STANDARD_OUT
    REDIRECT_URL: https://www.google.com/maps/place/%22The+Happy+Frog%22*One+Nimman,+One+Nimman,+Nimmanahaeminda+Road+Nimmanhaemin+Tambon+Su+Thep,+Mueang+Chiang+Mai+District,+Chiang+Mai+50200/data=!4m2!3m1!1s0x30da3b0729e8e51f:0x196dfc6ac7f60407!18m1!1e1?utm_source=mstt_1&entry=gps&coh=192189&g_ep=CAESBzI2LjMwLjkYACCenQoqnwEsOTQyNjc3MjcsOTQyOTIxOTUsOTQyOTk1MzIsMTAwNzk2NDk4LDEwMDc5Nzc2MSwxMDA3OTY1MzUsOTQyODA1NzYsOTQyMDczOTQsOTQyMDc1MDYsOTQyMDg1MDYsOTQyMTg2NTMsOTQyMjk4MzksOTQyNzUxNjgsOTQyNzk2MTksMTAwODE1NjM1LDEwMDgyMDIzNywxMDA4MjI0ODlCAlRI&skid=7b319b24-02fe-49be-b9da-0c40b8eab387
    PARSED_PLACE_ID: null
    PARSED_CID: 1832398158961181703
    PARSED_NAME: The Happy Frog
    PARSED_QUERY: null
    PARSED_LAT: null
    PARSED_LNG: null
    PARSED_WARNINGS: []

MultimediaTranscriptReferenceTest > testMultimediaTranscriptFullPipeline STANDARD_OUT
    TEST_LOG: Transcript file: /app/applet/app/src/test/Transkript_Youtube.txt
    TEST_LOG: Bytes: 130824
    TEST_LOG: Chars: 130824
    TEST_LOG: Lines: 916
    PDF_DEBUG: PARSE START: rawText =
    {
      "title": "In 30 Tagen ein Solo-Business und eine Personenmarke mit KI aufbauen",
      "original_url": "https://www.youtube.com/watch?v=example",
      "short_description": "In diesem Live-Stream erklärt die KI-Unternehmerin Sabrina Schritt für Schritt, wie man innerhalb von 30 Tagen eine erfolgreiche Personenmarke und ein Solo-Business aufbaut. Sie teilt ihre praxiserprobte Strategie, die auf dem gezielten Kopieren erfolgreicher Hooks, täglichem Posten zur schnellen Feedback-Gewinnung und dem anschließenden Übergang zu eigenen, authentischen Inhalten basiert. Zudem zeigt sie auf, wie man die gewonnene Aufmerksamkeit effektiv in Umsatz verwandelt.",
      "key_takeaways": [
        {
          "title": "Die Nische durch die Schnittmenge dreier Kreise finden",
          "details": "In den ersten drei Tagen sollte das Thema definiert werden. Dieses liegt an der Schnittstelle von persönlichem Interesse, eigenen Fähigkeiten und der Zahlungsbereitschaft des Marktes. Mithilfe von KI-Prompts in ChatGPT oder Claude lässt sich diese Schnittmenge systematisch ermitteln."
        },
        {
          "title": "Die richtige Plattform wählen",
          "details": "Wer sein Gesicht zeigen möchte, startet am besten auf TikTok, da der Algorithmus neuen Creatoren gegenüber besonders großzügig ist. Für gesichtslose Marken eignen sich LinkedIn bei bestehendem Netzwerk oder Substack Notes, um schnell organische Reichweite aufzubauen."
        },
        {
          "title": "Erfolgreiche Opener exakt kopieren",
          "details": "Um die Aufmerksamkeit von Nicht-Followern zu gewinnen, müssen die ersten zehn Sekunden eines Videos oder die ersten zwei Zeilen eines Textes von bereits viral gegangenen Beiträgen exakt kopiert werden. Dies umfasst Text, visuelle Elemente, Farben und Sprechtempo."
        },
        {
          "title": "Tägliches Posten statt Batching für schnelles Feedback",
          "details": "Anfänger sollten täglich oder sogar dreimal täglich posten, anstatt Inhalte für eine ganze Woche vorzuproduzieren. Dadurch wird die Feedbackschleife extrem verkürzt, sodass die Erkenntnisse des Vortrags direkt in das nächste Video einfließen können."
        },
        {
          "title": "Die eigene Stimme durch Handeln finden",
          "details": "Echte Originalität und Autorität entstehen, indem man Dinge selbst ausprobiert, testet oder baut und die eigenen Erfahrungen, Hürden und Ergebnisse anschließend teilt. Das verhindert das Impostor-Syndrom und sorgt für unerschöpfliche Content-Ideen."
        },
        {
          "title": "Aufmerksamkeit systematisch monetarisieren",
          "details": "Sobald Reichweite vorhanden ist, kann diese über drei Wege monetarisiert werden: Eins-zu-eins-Beratung oder Coaching als schnellster Weg zum ersten Umsatz, Infoprodukte wie Kurse und Vorlagen oder die Entwicklung eigener Software-Produkte."
        }
      ],
      "owner": "Sabrina"
    }
    ParserDiagnostics:
              === RELEVANTOR PARSER DIAGNOSTICS ===
              - rawResponseLength: 2814
              - rawResponseSha256: 3115c70d5ea35674970af29e90624c7fbf60d8609abd05b1c01d1d7053c45164
              - firstSafeChars:
              {
    "title": "In 30 Tagen ein Solo-Business und eine Personenmarke mit KI aufbauen",
    "original_url": "https://www.youtube.com/watch?v=example",
    "short_description": "In diesem Live-Stream erklärt die KI-Unternehmerin Sabrina Schritt für Schritt, wie man innerhalb von 30 Tagen eine erfolgreiche Personenmarke und ein Solo-Business aufbaut. Sie teilt ihre praxiserprobte Strategie, die auf dem gezielten Kopieren erfolgreicher Hooks, täglichem Posten zur schnellen Feedback-Gewinnung und dem ansch
              -------------------------------------
              - parserStrategyUsed: org.json.JSONObject
              - parserFailureReasons: 
              - contractFailureReason: none
              -------------------------------------
              - isTestContext: true
              - offlineFallbackUsed: true
              - url: https://www.wischnewski-unlimited.com/wischnewski-in-guinea-bissau/
              - extractedContentLength: 2814
              - extractorName: WebInputExtractor
              - geminiRequestStarted: true
              - geminiResponseReceived: true
              - parserSuccess: true
              - contractSuccess: true
              - resultRendered: PASS
              - failureStage: NONE
              ======================================
    TEST_LOG: DomainSummary: DomainSummary(id=ad08df28-54f5-4927-b55d-9427fa54f3fe, title=In 30 Tagen ein Solo-Business und eine Personenmarke mit KI aufbauen, originalUrl=https://www.youtube.com/watch?v=example, shortDescription=In diesem Live-Stream erklärt die KI-Unternehmerin Sabrina Schritt für Schritt, wie man innerhalb von 30 Tagen eine erfolgreiche Personenmarke und ein Solo-Business aufbaut. Sie teilt ihre praxiserprobte Strategie, die auf dem gezielten Kopieren erfolgreicher Hooks, täglichem Posten zur schnellen Feedback-Gewinnung und dem anschließenden Übergang zu eigenen, authentischen Inhalten basiert. Zudem zeigt sie auf, wie man die gewonnene Aufmerksamkeit effektiv in Umsatz verwandelt., keyTakeaways=[TakeawayItem(title=Die Nische durch die Schnittmenge dreier Kreise finden, details=In den ersten drei Tagen sollte das Thema definiert werden. Dieses liegt an der Schnittstelle von persönlichem Interesse, eigenen Fähigkeiten und der Zahlungsbereitschaft des Marktes. Mithilfe von KI-Prompts in ChatGPT oder Claude lässt sich diese Schnittmenge systematisch ermitteln., visualMetadata={}), TakeawayItem(title=Die richtige Plattform wählen, details=Wer sein Gesicht zeigen möchte, startet am besten auf TikTok, da der Algorithmus neuen Creatoren gegenüber besonders großzügig ist. Für gesichtslose Marken eignen sich LinkedIn bei bestehendem Netzwerk oder Substack Notes, um schnell organische Reichweite aufzubauen., visualMetadata={}), TakeawayItem(title=Erfolgreiche Opener exakt kopieren, details=Um die Aufmerksamkeit von Nicht-Followern zu gewinnen, müssen die ersten zehn Sekunden eines Videos oder die ersten zwei Zeilen eines Textes von bereits viral gegangenen Beiträgen exakt kopiert werden. Dies umfasst Text, visuelle Elemente, Farben und Sprechtempo., visualMetadata={}), TakeawayItem(title=Tägliches Posten statt Batching für schnelles Feedback, details=Anfänger sollten täglich oder sogar dreimal täglich posten, anstatt Inhalte für eine ganze Woche vorzuproduzieren. Dadurch wird die Feedbackschleife extrem verkürzt, sodass die Erkenntnisse des Vortrags direkt in das nächste Video einfließen können., visualMetadata={}), TakeawayItem(title=Die eigene Stimme durch Handeln finden, details=Echte Originalität und Autorität entstehen, indem man Dinge selbst ausprobiert, testet oder baut und die eigenen Erfahrungen, Hürden und Ergebnisse anschließend teilt. Das verhindert das Impostor-Syndrom und sorgt für unerschöpfliche Content-Ideen., visualMetadata={}), TakeawayItem(title=Aufmerksamkeit systematisch monetarisieren, details=Sobald Reichweite vorhanden ist, kann diese über drei Wege monetarisiert werden: Eins-zu-eins-Beratung oder Coaching als schnellster Weg zum ersten Umsatz, Infoprodukte wie Kurse und Vorlagen oder die Entwicklung eigener Software-Produkte., visualMetadata={})], owner=Sabrina, timestamp=30.07.2026, 04:45, fallbackUsed=false, analysisId=628d6f44-0ffb-48b4-8020-84ab26297c98)

Gradle Test Executor 1 finished executing tests.

> Task :app:testDebugUnitTest

152 tests completed, 1 failed
Generating HTML test report...
Finished generating test html results (0.394 secs) into: /app/applet/app/build/reports/tests/testDebugUnitTest
Finished generating test XML results (0.096 secs) into: /app/applet/app/build/test-results/testDebugUnitTest
Invalidating in-memory cache of /app/applet/.gradle/9.3.1/fileHashes/fileHashes.bin
Invalidating in-memory cache of /app/applet/.gradle/9.3.1/fileHashes/resourceHashesCache.bin
Invalidating in-memory cache of /app/applet/.gradle/buildOutputCleanup/outputFiles.bin

> Task :app:testDebugUnitTest FAILED
Resolve mutations for :app:finalizeTestRoborazziDebug (Thread[#50,Execution worker,5,main]) started.
:app:finalizeTestRoborazziDebug (Thread[#50,Execution worker,5,main]) started.

> Task :app:finalizeTestRoborazziDebug SKIPPED
Roborazzi: roborazziTestFinalizer.onlyIf doesRoborazziRun false
Skipping task ':app:finalizeTestRoborazziDebug' as task onlyIf 'Task satisfies onlyIf spec' is false.
Build 5ebff74f-0eb7-4943-8279-1ed97603186d is closed

FAILURE: Build failed with an exception.

* What went wrong:
Execution failed for task ':app:testDebugUnitTest'.
> Test process encountered an unexpected problem.
   > Could not execute test class 'com.example.PipelineReportTest'.
   > Could not execute test class 'com.example.PlacesApiServiceTest'.
   > Could not execute test class 'com.example.RelevantorSelfTestHarnessTest'.
   > Could not execute test class 'com.example.ReviewTest'.
   > Could not execute test class 'com.example.TranscriptProviderTest'.
   > Could not execute test class 'com.example.contextpoc.ContextMatchingTest'.
   > Could not execute test class 'com.example.contextpoc.ContextResolverIntegrationTest'.
   > Could not execute test class 'com.example.contextpoc.SimpleTest'.
   > Could not execute test class 'com.example.contextpoc.WikipediaApiClientTest'.
   > Could not execute test class 'com.example.data.PublicVideoSourceResolverTest'.

* Try:
> Check common problems https://docs.gradle.org/9.3.1/userguide/java_testing.html#sec:java_testing_troubleshooting.
> Run with --stacktrace option to get the stack trace.
> Run with --debug option to get more log output.
> Run with --scan to get full insights from a Build Scan (powered by Develocity).
> Get more help at https://help.gradle.org.

BUILD FAILED in 2m 17s
32 actionable tasks: 1 executed, 7 from cache, 24 up-to-date
Configuration cache entry reused.
